2026-08-31 21:53:28,856 - __main__ - INFO - Loading config from /home/stefan/LQR/config/multi_lqr_config.yaml
2026-08-31 21:53:28,858 - lqr_controller_v2 - INFO - LQR Controller V2 initialized with target CPU: 5.0%
2026-08-31 21:53:28,858 - lqr_controller_v2 - INFO - Sampling time dt: 0.5s
2026-08-31 21:53:28,858 - lqr_controller_v2 - INFO - Drop rate levels: 20 levels
2026-08-31 21:53:28,859 - lqr_controller_v2 - INFO - LQR Gain K: [[-0.25622322 -0.30311079]]
2026-08-31 21:53:28,859 - lqr_controller_v2 - INFO - Soft limit: enabled
2026-08-31 21:53:28,859 - lqr_controller_v2 - INFO - Prediction: enabled
2026-08-31 21:53:28,859 - lqr_controller_v2 - INFO - LQR Controller V2 initialized with target CPU: 5.0%
2026-08-31 21:53:28,859 - lqr_controller_v2 - INFO - Sampling time dt: 0.5s
2026-08-31 21:53:28,859 - lqr_controller_v2 - INFO - Drop rate levels: 20 levels
2026-08-31 21:53:28,859 - lqr_controller_v2 - INFO - LQR Gain K: [[-0.25622322 -0.30311079]]
2026-08-31 21:53:28,859 - lqr_controller_v2 - INFO - Soft limit: enabled
2026-08-31 21:53:28,860 - lqr_controller_v2 - INFO - Prediction: enabled
2026-08-31 21:53:28,860 - __main__ - INFO - Multi-Namespace LQR Control V2 initialized
2026-08-31 21:53:28,860 - __main__ - INFO - Interface: enp5s0np0
2026-08-31 21:53:28,860 - __main__ - INFO - Sampling time: 0.5s
2026-08-31 21:53:28,860 - __main__ - INFO - Soft limit: True
2026-08-31 21:53:28,860 - __main__ - INFO - Prediction: True
2026-08-31 21:53:28,860 - __main__ - INFO -   ovs-1: target=5.0%
2026-08-31 21:53:28,860 - __main__ - INFO -   ovs-2: target=5.0%
2026-08-31 21:53:28,860 - ovs_lqr_control - INFO - Loading XDP program from /home/stefan/LQR/xdp/ovs_rate_limiter.bpf.c
2026-08-31 21:53:29,885 - ovs_lqr_control - INFO - BPF program compiled successfully
2026-08-31 21:53:29,886 - ovs_lqr_control - INFO - BPF maps obtained
2026-08-31 21:53:29,886 - ovs_lqr_control - INFO - Initializing IP/MAC mappings...
2026-08-31 21:53:29,889 - ovs_lqr_control - INFO -   Mapped 192.168.1.0/24 -> namespace 0 (ovs-1)
2026-08-31 21:53:29,890 - ovs_lqr_control - INFO -   Mapped 192.168.2.0/24 -> namespace 1 (ovs-2)
2026-08-31 21:53:29,890 - ovs_lqr_control - INFO - Mappings initialized
2026-08-31 21:53:29,890 - ovs_lqr_control - INFO - Mappings initialized
2026-08-31 21:53:29,891 - ovs_lqr_control - INFO - XDP function loaded
2026-08-31 21:53:29,898 - ovs_lqr_control - INFO - ✓ XDP program attached to enp5s0np0 (SKB mode)
2026-08-31 21:53:29,898 - __main__ - INFO - ✓ XDP program loaded successfully
2026-08-31 21:53:29,898 - __main__ - INFO - Starting multi-namespace control loop...
2026-08-31 21:53:29,898 - __main__ - INFO - 
2026-08-31 21:53:29,899 - ovs_lqr_control - INFO - Opened log file: /home/stefan/cpu_packet_monitoring/network_metrics_2026-08-31_21-53-25.log.jsonl
2026-08-31 21:53:29,899 - lqr_controller_v2 - INFO - CPU: 0.06% | Error: -4.94% | State: [-4.94, 0.00] | Control: -1.267 | Drop Rate: LQR=-1.267 -> Adj=-1.267 -> Final=0.000
2026-08-31 21:53:29,899 - __main__ - INFO - [1] ovs-1: CPU=0.06%, PPS=9, DropRate=0.000
2026-08-31 21:53:29,899 - lqr_controller_v2 - INFO - CPU: 0.06% | Error: -4.94% | State: [-4.94, 0.00] | Control: -1.267 | Drop Rate: LQR=-1.267 -> Adj=-1.267 -> Final=0.000
2026-08-31 21:53:29,899 - __main__ - INFO - [1] ovs-2: CPU=0.06%, PPS=9, DropRate=0.000
2026-08-31 21:53:30,399 - lqr_controller_v2 - INFO - CPU: 0.11% | Error: -4.87% | State: [-4.87, 0.15] | Control: -1.204 | Drop Rate: LQR=-1.204 -> Adj=-1.204 -> Final=0.000
2026-08-31 21:53:30,399 - __main__ - INFO - [2] ovs-1: CPU=0.11%, PPS=11, DropRate=0.000
2026-08-31 21:53:30,399 - lqr_controller_v2 - INFO - CPU: 0.11% | Error: -4.87% | State: [-4.87, 0.15] | Control: -1.204 | Drop Rate: LQR=-1.204 -> Adj=-1.204 -> Final=0.000
2026-08-31 21:53:30,399 - __main__ - INFO - [2] ovs-2: CPU=0.11%, PPS=11, DropRate=0.000
2026-08-31 21:53:30,899 - lqr_controller_v2 - INFO - CPU: 0.06% | Error: -4.96% | State: [-4.96, -0.18] | Control: -1.325 | Drop Rate: LQR=-1.325 -> Adj=-1.325 -> Final=0.000
2026-08-31 21:53:30,899 - __main__ - INFO - [3] ovs-1: CPU=0.00%, PPS=19, DropRate=0.000
2026-08-31 21:53:30,900 - lqr_controller_v2 - INFO - CPU: 0.11% | Error: -2.24% | State: [-2.24, 5.25] | Control: 1.017 | Drop Rate: LQR=1.021 -> Adj=1.021 -> Final=0.950
2026-08-31 21:53:30,900 - __main__ - INFO - [3] ovs-2: CPU=4.52%, PPS=51,913, DropRate=0.950
2026-08-31 21:53:31,399 - lqr_controller_v2 - INFO - CPU: 0.03% | Error: -4.98% | State: [-4.98, -0.04] | Control: -1.287 | Drop Rate: LQR=-1.287 -> Adj=-1.287 -> Final=0.000
2026-08-31 21:53:31,399 - __main__ - INFO - [4] ovs-1: CPU=0.00%, PPS=13, DropRate=0.000
2026-08-31 21:53:31,400 - lqr_controller_v2 - INFO - CPU: 2.32% | Error: 0.32% | State: [0.32, 5.12] | Control: 1.632 | Drop Rate: LQR=1.632 -> Adj=1.632 -> Final=0.950
2026-08-31 21:53:31,400 - __main__ - INFO - [4] ovs-2: CPU=8.42%, PPS=38,593, DropRate=0.950
2026-08-31 21:53:31,899 - lqr_controller_v2 - INFO - CPU: 0.06% | Error: -3.76% | State: [-3.76, 2.44] | Control: -0.223 | Drop Rate: LQR=-0.223 -> Adj=-0.223 -> Final=0.000
2026-08-31 21:53:31,899 - __main__ - INFO - [5] ovs-1: CPU=2.00%, PPS=17, DropRate=0.000
2026-08-31 21:53:31,900 - lqr_controller_v2 - INFO - CPU: 1.63% | Error: -3.86% | State: [-3.86, -8.35] | Control: -3.520 | Drop Rate: LQR=-3.520 -> Adj=-3.520 -> Final=0.000
2026-08-31 21:53:31,900 - __main__ - INFO - [5] ovs-2: CPU=1.63%, PPS=6,829, DropRate=0.000
2026-08-31 21:53:32,399 - lqr_controller_v2 - INFO - CPU: 0.11% | Error: -4.32% | State: [-4.32, -1.13] | Control: -1.449 | Drop Rate: LQR=-1.449 -> Adj=-1.449 -> Final=0.000
2026-08-31 21:53:32,400 - __main__ - INFO - [6] ovs-1: CPU=2.00%, PPS=13, DropRate=0.000
2026-08-31 21:53:32,400 - lqr_controller_v2 - INFO - CPU: 3.97% | Error: -0.33% | State: [-0.33, 7.07] | Control: 2.059 | Drop Rate: LQR=2.059 -> Adj=2.059 -> Final=0.950
2026-08-31 21:53:32,400 - __main__ - INFO - [6] ovs-2: CPU=3.97%, PPS=42,269, DropRate=0.950
2026-08-31 21:53:32,899 - lqr_controller_v2 - INFO - CPU: 0.00% | Error: -5.00% | State: [-5.00, -1.35] | Control: -1.691 | Drop Rate: LQR=-1.691 -> Adj=-1.691 -> Final=0.000
2026-08-31 21:53:32,900 - __main__ - INFO - [7] ovs-1: CPU=0.00%, PPS=13, DropRate=0.000
2026-08-31 21:53:32,900 - lqr_controller_v2 - INFO - CPU: 4.52% | Error: -0.09% | State: [-0.09, 0.47] | Control: 0.121 | Drop Rate: LQR=0.121 -> Adj=0.121 -> Final=0.100
2026-08-31 21:53:32,900 - __main__ - INFO - [7] ovs-2: CPU=4.90%, PPS=24,557, DropRate=0.100
2026-08-31 21:53:33,399 - lqr_controller_v2 - INFO - CPU: 0.00% | Error: -5.00% | State: [-5.00, 0.00] | Control: -1.280 | Drop Rate: LQR=-1.280 -> Adj=-1.280 -> Final=0.000
2026-08-31 21:53:33,400 - __main__ - INFO - [8] ovs-1: CPU=0.00%, PPS=18, DropRate=0.000
2026-08-31 21:53:33,400 - lqr_controller_v2 - INFO - CPU: 4.90% | Error: 0.13% | State: [0.13, 0.45] | Control: 0.170 | Drop Rate: LQR=0.172 -> Adj=0.172 -> Final=0.150
2026-08-31 21:53:33,400 - __main__ - INFO - [8] ovs-2: CPU=5.29%, PPS=50,865, DropRate=0.150
2026-08-31 21:53:33,899 - __main__ - WARNING - [9] No metrics available
2026-08-31 21:53:34,400 - lqr_controller_v2 - INFO - CPU: 0.00% | Error: -5.00% | State: [-5.00, 0.00] | Control: -1.280 | Drop Rate: LQR=-1.280 -> Adj=-1.280 -> Final=0.000
2026-08-31 21:53:34,400 - __main__ - INFO - [10] ovs-1: CPU=0.00%, PPS=17, DropRate=0.000
2026-08-31 21:53:34,400 - lqr_controller_v2 - INFO - SOFT LIMIT (hard): CPU 6.79% > target+margin 5.50%, overshoot=1.79%, drop_rate=0.285
2026-08-31 21:53:34,400 - lqr_controller_v2 - INFO - CPU: 4.90% | Error: 1.79% | State: [1.79, 3.31] | Control: 1.460 | Drop Rate: LQR=1.460 -> Adj=1.460 -> Final=0.950
2026-08-31 21:53:34,401 - __main__ - INFO - [10] ovs-2: CPU=8.24%, PPS=48,393, DropRate=0.950
2026-08-31 21:53:34,900 - lqr_controller_v2 - INFO - CPU: 0.00% | Error: -5.00% | State: [-5.00, -0.00] | Control: -1.281 | Drop Rate: LQR=-1.281 -> Adj=-1.281 -> Final=0.000
2026-08-31 21:53:34,900 - __main__ - INFO - [11] ovs-1: CPU=0.00%, PPS=17, DropRate=0.000
2026-08-31 21:53:34,900 - lqr_controller_v2 - INFO - CPU: 5.29% | Error: 0.03% | State: [0.03, -3.52] | Control: -1.061 | Drop Rate: LQR=-1.061 -> Adj=-1.001 -> Final=0.000
2026-08-31 21:53:34,901 - __main__ - INFO - [11] ovs-2: CPU=6.33%, PPS=49,113, DropRate=0.000
2026-08-31 21:53:35,400 - lqr_controller_v2 - INFO - CPU: 0.00% | Error: -5.00% | State: [-5.00, 0.00] | Control: -1.280 | Drop Rate: LQR=-1.280 -> Adj=-1.280 -> Final=0.000
2026-08-31 21:53:35,400 - __main__ - INFO - [12] ovs-1: CPU=0.00%, PPS=15, DropRate=0.000
2026-08-31 21:53:35,401 - lqr_controller_v2 - INFO - CPU: 5.29% | Error: -0.51% | State: [-0.51, -1.07] | Control: -0.453 | Drop Rate: LQR=-0.453 -> Adj=-0.453 -> Final=0.000
2026-08-31 21:53:35,401 - __main__ - INFO - [12] ovs-2: CPU=4.48%, PPS=17,166, DropRate=0.000
2026-08-31 21:53:35,900 - lqr_controller_v2 - INFO - CPU: 0.00% | Error: -5.00% | State: [-5.00, -0.00] | Control: -1.282 | Drop Rate: LQR=-1.282 -> Adj=-1.282 -> Final=0.000
2026-08-31 21:53:35,900 - __main__ - INFO - [13] ovs-1: CPU=0.00%, PPS=5, DropRate=0.000
2026-08-31 21:53:35,901 - lqr_controller_v2 - INFO - SOFT LIMIT (hard): CPU 6.87% > target+margin 5.50%, overshoot=1.87%, drop_rate=0.294
2026-08-31 21:53:35,901 - lqr_controller_v2 - INFO - CPU: 6.32% | Error: 1.87% | State: [1.87, 4.76] | Control: 1.922 | Drop Rate: LQR=1.939 -> Adj=1.939 -> Final=0.950
2026-08-31 21:53:35,901 - __main__ - INFO - [13] ovs-2: CPU=6.32%, PPS=58,349, DropRate=0.950
2026-08-31 21:53:36,400 - lqr_controller_v2 - INFO - CPU: 0.00% | Error: -5.00% | State: [-5.00, 0.00] | Control: -1.280 | Drop Rate: LQR=-1.280 -> Adj=-1.280 -> Final=0.000
2026-08-31 21:53:36,400 - __main__ - INFO - [14] ovs-1: CPU=0.00%, PPS=11, DropRate=0.000
2026-08-31 21:53:36,401 - lqr_controller_v2 - INFO - SOFT LIMIT (hard): CPU 7.63% > target+margin 5.50%, overshoot=2.63%, drop_rate=0.373
2026-08-31 21:53:36,401 - lqr_controller_v2 - INFO - CPU: 6.33% | Error: 2.63% | State: [2.63, 1.52] | Control: 1.133 | Drop Rate: LQR=1.133 -> Adj=1.133 -> Final=0.950
2026-08-31 21:53:36,401 - __main__ - INFO - [14] ovs-2: CPU=8.50%, PPS=33,218, DropRate=0.950
2026-08-31 21:53:36,900 - lqr_controller_v2 - INFO - CPU: 0.00% | Error: -3.80% | State: [-3.80, 2.40] | Control: -0.246 | Drop Rate: LQR=-0.246 -> Adj=-0.246 -> Final=0.000
2026-08-31 21:53:36,901 - __main__ - INFO - [15] ovs-1: CPU=2.00%, PPS=9, DropRate=0.000
2026-08-31 21:53:36,901 - lqr_controller_v2 - INFO - CPU: 6.32% | Error: -0.58% | State: [-0.58, -6.41] | Control: -2.091 | Drop Rate: LQR=-2.091 -> Adj=-2.091 -> Final=0.000
2026-08-31 21:53:36,901 - __main__ - INFO - [15] ovs-2: CPU=1.97%, PPS=7,317, DropRate=0.000
2026-08-31 21:53:37,401 - lqr_controller_v2 - INFO - CPU: 0.00% | Error: -5.00% | State: [-5.00, -2.40] | Control: -2.009 | Drop Rate: LQR=-2.009 -> Adj=-2.009 -> Final=0.000
2026-08-31 21:53:37,401 - __main__ - INFO - [16] ovs-1: CPU=0.00%, PPS=9, DropRate=0.000
2026-08-31 21:53:37,401 - lqr_controller_v2 - INFO - CPU: 4.48% | Error: 0.05% | State: [0.05, 1.25] | Control: 0.391 | Drop Rate: LQR=0.391 -> Adj=0.391 -> Final=0.400
2026-08-31 21:53:37,401 - __main__ - INFO - [16] ovs-2: CPU=4.18%, PPS=42,801, DropRate=0.400
2026-08-31 21:53:37,901 - lqr_controller_v2 - INFO - CPU: 0.00% | Error: -5.00% | State: [-5.00, 0.00] | Control: -1.280 | Drop Rate: LQR=-1.280 -> Adj=-1.280 -> Final=0.000
2026-08-31 21:53:37,901 - __main__ - INFO - [17] ovs-1: CPU=0.00%, PPS=19, DropRate=0.000
2026-08-31 21:53:37,901 - lqr_controller_v2 - INFO - SOFT LIMIT (hard): CPU 7.10% > target+margin 5.50%, overshoot=2.10%, drop_rate=0.318
2026-08-31 21:53:37,901 - lqr_controller_v2 - INFO - CPU: 6.32% | Error: 2.10% | State: [2.10, 4.10] | Control: 1.780 | Drop Rate: LQR=1.783 -> Adj=1.783 -> Final=0.950
2026-08-31 21:53:37,901 - __main__ - INFO - [17] ovs-2: CPU=6.54%, PPS=51,216, DropRate=0.950
2026-08-31 21:53:38,401 - lqr_controller_v2 - INFO - CPU: 0.00% | Error: -5.00% | State: [-5.00, -0.00] | Control: -1.281 | Drop Rate: LQR=-1.281 -> Adj=-1.281 -> Final=0.000
2026-08-31 21:53:38,401 - __main__ - INFO - [18] ovs-1: CPU=0.00%, PPS=9, DropRate=0.000
2026-08-31 21:53:38,401 - lqr_controller_v2 - INFO - CPU: 4.80% | Error: -0.73% | State: [-0.73, -5.65] | Control: -1.898 | Drop Rate: LQR=-1.898 -> Adj=-1.898 -> Final=0.000
2026-08-31 21:53:38,401 - __main__ - INFO - [18] ovs-2: CPU=4.80%, PPS=19,312, DropRate=0.000
2026-08-31 21:53:38,900 - __main__ - WARNING - [19] No metrics available
2026-08-31 21:53:39,401 - lqr_controller_v2 - INFO - CPU: 0.00% | Error: -5.00% | State: [-5.00, -0.00] | Control: -1.281 | Drop Rate: LQR=-1.281 -> Adj=-1.281 -> Final=0.000
2026-08-31 21:53:39,401 - __main__ - INFO - [20] ovs-1: CPU=0.00%, PPS=9, DropRate=0.000
2026-08-31 21:53:39,402 - lqr_controller_v2 - INFO - CPU: 4.80% | Error: 0.38% | State: [0.38, 2.20] | Control: 0.764 | Drop Rate: LQR=0.778 -> Adj=0.778 -> Final=0.800
2026-08-31 21:53:39,402 - __main__ - INFO - [20] ovs-2: CPU=5.76%, PPS=57,294, DropRate=0.800
2026-08-31 21:53:39,901 - lqr_controller_v2 - INFO - CPU: 0.00% | Error: -3.80% | State: [-3.80, 2.40] | Control: -0.246 | Drop Rate: LQR=-0.246 -> Adj=-0.246 -> Final=0.000
2026-08-31 21:53:39,901 - __main__ - INFO - [21] ovs-1: CPU=2.00%, PPS=7, DropRate=0.000
2026-08-31 21:53:39,902 - lqr_controller_v2 - INFO - SOFT LIMIT (hard): CPU 6.03% > target+margin 5.50%, overshoot=1.03%, drop_rate=0.194
2026-08-31 21:53:39,902 - lqr_controller_v2 - INFO - CPU: 5.76% | Error: 1.03% | State: [1.03, 1.31] | Control: 0.663 | Drop Rate: LQR=0.663 -> Adj=0.663 -> Final=0.650
2026-08-31 21:53:39,902 - __main__ - INFO - [21] ovs-2: CPU=6.21%, PPS=45,532, DropRate=0.650
2026-08-31 21:53:40,401 - lqr_controller_v2 - INFO - CPU: 0.00% | Error: -5.00% | State: [-5.00, -2.40] | Control: -2.008 | Drop Rate: LQR=-2.008 -> Adj=-2.008 -> Final=0.000
2026-08-31 21:53:40,401 - __main__ - INFO - [22] ovs-1: CPU=0.00%, PPS=3, DropRate=0.000
2026-08-31 21:53:40,402 - lqr_controller_v2 - INFO - SOFT LIMIT (hard): CPU 7.48% > target+margin 5.50%, overshoot=2.48%, drop_rate=0.358
2026-08-31 21:53:40,402 - lqr_controller_v2 - INFO - CPU: 6.21% | Error: 2.48% | State: [2.48, 2.90] | Control: 1.515 | Drop Rate: LQR=1.515 -> Adj=1.515 -> Final=0.950
2026-08-31 21:53:40,402 - __main__ - INFO - [22] ovs-2: CPU=8.33%, PPS=37,011, DropRate=0.950
2026-08-31 21:53:40,901 - lqr_controller_v2 - INFO - CPU: 0.00% | Error: -5.00% | State: [-5.00, -0.00] | Control: -1.281 | Drop Rate: LQR=-1.281 -> Adj=-1.281 -> Final=0.000
2026-08-31 21:53:40,901 - __main__ - INFO - [23] ovs-1: CPU=0.00%, PPS=9, DropRate=0.000
2026-08-31 21:53:40,902 - lqr_controller_v2 - INFO - CPU: 5.76% | Error: -0.32% | State: [-0.32, -5.60] | Control: -1.780 | Drop Rate: LQR=-1.780 -> Adj=-1.780 -> Final=0.000
2026-08-31 21:53:40,902 - __main__ - INFO - [23] ovs-2: CPU=5.24%, PPS=36,748, DropRate=0.000
2026-08-31 21:53:41,401 - lqr_controller_v2 - INFO - CPU: 0.00% | Error: -5.00% | State: [-5.00, -0.00] | Control: -1.281 | Drop Rate: LQR=-1.281 -> Adj=-1.281 -> Final=0.000
2026-08-31 21:53:41,402 - __main__ - INFO - [24] ovs-1: CPU=0.00%, PPS=5, DropRate=0.000
2026-08-31 21:53:41,402 - lqr_controller_v2 - INFO - CPU: 5.76% | Error: -0.82% | State: [-0.82, -1.01] | Control: -0.516 | Drop Rate: LQR=-0.516 -> Adj=-0.516 -> Final=0.000
2026-08-31 21:53:41,402 - __main__ - INFO - [24] ovs-2: CPU=2.86%, PPS=31,883, DropRate=0.000
2026-08-31 21:53:41,902 - lqr_controller_v2 - INFO - CPU: 0.00% | Error: -3.80% | State: [-3.80, 2.40] | Control: -0.245 | Drop Rate: LQR=-0.245 -> Adj=-0.245 -> Final=0.000
2026-08-31 21:53:41,902 - __main__ - INFO - [25] ovs-1: CPU=2.00%, PPS=13, DropRate=0.000
2026-08-31 21:53:41,902 - lqr_controller_v2 - INFO - SOFT LIMIT (hard): CPU 7.40% > target+margin 5.50%, overshoot=2.40%, drop_rate=0.350
2026-08-31 21:53:41,902 - lqr_controller_v2 - INFO - CPU: 6.21% | Error: 2.40% | State: [2.40, 6.45] | Control: 2.573 | Drop Rate: LQR=2.575 -> Adj=2.575 -> Final=0.950
2026-08-31 21:53:41,902 - __main__ - INFO - [25] ovs-2: CPU=6.52%, PPS=51,419, DropRate=0.950
2026-08-31 21:53:42,402 - lqr_controller_v2 - INFO - CPU: 0.00% | Error: -5.00% | State: [-5.00, -2.40] | Control: -2.009 | Drop Rate: LQR=-2.009 -> Adj=-2.009 -> Final=0.000
2026-08-31 21:53:42,402 - __main__ - INFO - [26] ovs-1: CPU=0.00%, PPS=9, DropRate=0.000
2026-08-31 21:53:42,402 - lqr_controller_v2 - INFO - SOFT LIMIT (hard): CPU 5.59% > target+margin 5.50%, overshoot=0.59%, drop_rate=0.131
2026-08-31 21:53:42,402 - lqr_controller_v2 - INFO - CPU: 5.81% | Error: 0.59% | State: [0.59, -3.62] | Control: -0.947 | Drop Rate: LQR=-0.947 -> Adj=0.131 -> Final=0.150
2026-08-31 21:53:42,402 - __main__ - INFO - [26] ovs-2: CPU=5.81%, PPS=24,916, DropRate=0.150
2026-08-31 21:53:42,902 - lqr_controller_v2 - INFO - CPU: 0.00% | Error: -5.00% | State: [-5.00, 0.00] | Control: -1.281 | Drop Rate: LQR=-1.281 -> Adj=-1.281 -> Final=0.000
2026-08-31 21:53:42,902 - __main__ - INFO - [27] ovs-1: CPU=0.00%, PPS=9, DropRate=0.000
2026-08-31 21:53:42,902 - lqr_controller_v2 - INFO - CPU: 5.24% | Error: -0.09% | State: [-0.09, -1.37] | Control: -0.439 | Drop Rate: LQR=-0.439 -> Adj=-0.439 -> Final=0.000
2026-08-31 21:53:42,902 - __main__ - INFO - [27] ovs-2: CPU=4.96%, PPS=47,044, DropRate=0.000
2026-08-31 21:53:43,402 - lqr_controller_v2 - INFO - CPU: 0.00% | Error: -5.00% | State: [-5.00, -0.00] | Control: -1.281 | Drop Rate: LQR=-1.281 -> Adj=-1.281 -> Final=0.000
2026-08-31 21:53:43,402 - __main__ - INFO - [28] ovs-1: CPU=0.00%, PPS=7, DropRate=0.000
2026-08-31 21:53:43,402 - lqr_controller_v2 - INFO - SOFT LIMIT (hard): CPU 6.35% > target+margin 5.50%, overshoot=1.35%, drop_rate=0.234
2026-08-31 21:53:43,402 - lqr_controller_v2 - INFO - CPU: 5.81% | Error: 1.35% | State: [1.35, 2.89] | Control: 1.224 | Drop Rate: LQR=1.232 -> Adj=1.232 -> Final=0.950
2026-08-31 21:53:43,402 - __main__ - INFO - [28] ovs-2: CPU=6.30%, PPS=53,922, DropRate=0.950
2026-08-31 21:53:43,901 - __main__ - WARNING - [29] No metrics available
2026-08-31 21:53:44,402 - lqr_controller_v2 - INFO - CPU: 0.00% | Error: -5.00% | State: [-5.00, 0.00] | Control: -1.280 | Drop Rate: LQR=-1.280 -> Adj=-1.280 -> Final=0.000
2026-08-31 21:53:44,403 - __main__ - INFO - [30] ovs-1: CPU=0.00%, PPS=5, DropRate=0.000
2026-08-31 21:53:44,403 - lqr_controller_v2 - INFO - SOFT LIMIT (hard): CPU 6.06% > target+margin 5.50%, overshoot=1.06%, drop_rate=0.197
2026-08-31 21:53:44,403 - lqr_controller_v2 - INFO - CPU: 6.11% | Error: 1.06% | State: [1.06, -0.59] | Control: 0.091 | Drop Rate: LQR=0.091 -> Adj=0.197 -> Final=0.200
2026-08-31 21:53:44,403 - __main__ - INFO - [30] ovs-2: CPU=6.11%, PPS=14,085, DropRate=0.200
2026-08-31 21:53:44,902 - lqr_controller_v2 - INFO - CPU: 0.00% | Error: -5.00% | State: [-5.00, 0.00] | Control: -1.281 | Drop Rate: LQR=-1.281 -> Adj=-1.281 -> Final=0.000
2026-08-31 21:53:44,903 - __main__ - INFO - [31] ovs-1: CPU=0.00%, PPS=11, DropRate=0.000
2026-08-31 21:53:44,903 - lqr_controller_v2 - INFO - CPU: 5.81% | Error: -0.94% | State: [-0.94, -3.99] | Control: -1.448 | Drop Rate: LQR=-1.448 -> Adj=-1.448 -> Final=0.000
2026-08-31 21:53:44,903 - __main__ - INFO - [31] ovs-2: CPU=1.60%, PPS=8,370, DropRate=0.000
2026-08-31 21:53:45,403 - lqr_controller_v2 - INFO - CPU: 0.00% | Error: -5.00% | State: [-5.00, -0.00] | Control: -1.281 | Drop Rate: LQR=-1.281 -> Adj=-1.281 -> Final=0.000
2026-08-31 21:53:45,403 - __main__ - INFO - [32] ovs-1: CPU=0.00%, PPS=13, DropRate=0.000
2026-08-31 21:53:45,403 - lqr_controller_v2 - INFO - SOFT LIMIT (hard): CPU 8.83% > target+margin 5.50%, overshoot=3.83%, drop_rate=0.485
2026-08-31 21:53:45,403 - lqr_controller_v2 - INFO - CPU: 6.11% | Error: 3.83% | State: [3.83, 9.53] | Control: 3.869 | Drop Rate: LQR=3.897 -> Adj=3.897 -> Final=0.950
2026-08-31 21:53:45,403 - __main__ - INFO - [32] ovs-2: CPU=8.38%, PPS=63,833, DropRate=0.950
2026-08-31 21:53:45,903 - lqr_controller_v2 - INFO - CPU: 0.00% | Error: -3.80% | State: [-3.80, 2.40] | Control: -0.245 | Drop Rate: LQR=-0.245 -> Adj=-0.245 -> Final=0.000
2026-08-31 21:53:45,903 - __main__ - INFO - [33] ovs-1: CPU=2.00%, PPS=18, DropRate=0.000
2026-08-31 21:53:45,903 - lqr_controller_v2 - INFO - SOFT LIMIT (hard): CPU 5.68% > target+margin 5.50%, overshoot=0.68%, drop_rate=0.144
2026-08-31 21:53:45,903 - lqr_controller_v2 - INFO - CPU: 6.30% | Error: 0.68% | State: [0.68, -6.31] | Control: -1.738 | Drop Rate: LQR=-1.738 -> Adj=0.144 -> Final=0.150
2026-08-31 21:53:45,903 - __main__ - INFO - [33] ovs-2: CPU=6.30%, PPS=39,210, DropRate=0.150
2026-08-31 21:53:46,403 - lqr_controller_v2 - INFO - CPU: 0.00% | Error: -5.00% | State: [-5.00, -2.40] | Control: -2.009 | Drop Rate: LQR=-2.009 -> Adj=-2.009 -> Final=0.000
2026-08-31 21:53:46,403 - __main__ - INFO - [34] ovs-1: CPU=0.00%, PPS=11, DropRate=0.000
2026-08-31 21:53:46,403 - lqr_controller_v2 - INFO - CPU: 6.11% | Error: -0.21% | State: [-0.21, -1.77] | Control: -0.589 | Drop Rate: LQR=-0.589 -> Adj=-0.589 -> Final=0.000
2026-08-31 21:53:46,403 - __main__ - INFO - [34] ovs-2: CPU=4.01%, PPS=30,412, DropRate=0.000
2026-08-31 21:53:46,903 - lqr_controller_v2 - INFO - CPU: 0.00% | Error: -5.00% | State: [-5.00, 0.00] | Control: -1.281 | Drop Rate: LQR=-1.281 -> Adj=-1.281 -> Final=0.000
2026-08-31 21:53:46,903 - __main__ - INFO - [35] ovs-1: CPU=0.00%, PPS=11, DropRate=0.000
2026-08-31 21:53:46,903 - lqr_controller_v2 - INFO - SOFT LIMIT (hard): CPU 6.89% > target+margin 5.50%, overshoot=1.89%, drop_rate=0.296
2026-08-31 21:53:46,903 - lqr_controller_v2 - INFO - CPU: 6.23% | Error: 1.89% | State: [1.89, 4.20] | Control: 1.759 | Drop Rate: LQR=1.770 -> Adj=1.770 -> Final=0.950
2026-08-31 21:53:46,903 - __main__ - INFO - [35] ovs-2: CPU=6.23%, PPS=55,733, DropRate=0.950
2026-08-31 21:53:47,403 - lqr_controller_v2 - INFO - CPU: 0.00% | Error: -3.80% | State: [-3.80, 2.40] | Control: -0.244 | Drop Rate: LQR=-0.244 -> Adj=-0.244 -> Final=0.000
2026-08-31 21:53:47,403 - __main__ - INFO - [36] ovs-1: CPU=2.00%, PPS=20, DropRate=0.000
2026-08-31 21:53:47,403 - lqr_controller_v2 - INFO - SOFT LIMIT (hard): CPU 5.96% > target+margin 5.50%, overshoot=0.96%, drop_rate=0.184
2026-08-31 21:53:47,403 - lqr_controller_v2 - INFO - CPU: 6.23% | Error: 0.96% | State: [0.96, -1.86] | Control: -0.318 | Drop Rate: LQR=-0.318 -> Adj=0.184 -> Final=0.200
2026-08-31 21:53:47,403 - __main__ - INFO - [36] ovs-2: CPU=5.78%, PPS=26,477, DropRate=0.200
2026-08-31 21:53:47,903 - lqr_controller_v2 - INFO - CPU: 0.00% | Error: -5.00% | State: [-5.00, -2.40] | Control: -2.010 | Drop Rate: LQR=-2.010 -> Adj=-2.010 -> Final=0.000
2026-08-31 21:53:47,903 - __main__ - INFO - [37] ovs-1: CPU=0.00%, PPS=5, DropRate=0.000
2026-08-31 21:53:47,903 - lqr_controller_v2 - INFO - CPU: 5.78% | Error: 0.18% | State: [0.18, -1.57] | Control: -0.430 | Drop Rate: LQR=-0.430 -> Adj=-0.233 -> Final=0.000
2026-08-31 21:53:47,903 - __main__ - INFO - [37] ovs-2: CPU=4.77%, PPS=46,058, DropRate=0.000
2026-08-31 21:53:48,403 - lqr_controller_v2 - INFO - CPU: 0.00% | Error: -5.00% | State: [-5.00, 0.00] | Control: -1.280 | Drop Rate: LQR=-1.280 -> Adj=-1.280 -> Final=0.000
2026-08-31 21:53:48,403 - __main__ - INFO - [38] ovs-1: CPU=0.00%, PPS=19, DropRate=0.000
2026-08-31 21:53:48,403 - lqr_controller_v2 - INFO - SOFT LIMIT (hard): CPU 7.60% > target+margin 5.50%, overshoot=2.60%, drop_rate=0.370
2026-08-31 21:53:48,403 - lqr_controller_v2 - INFO - CPU: 5.78% | Error: 2.60% | State: [2.60, 4.84] | Control: 2.131 | Drop Rate: LQR=2.136 -> Adj=2.136 -> Final=0.950
2026-08-31 21:53:48,403 - __main__ - INFO - [38] ovs-2: CPU=8.30%, PPS=52,561, DropRate=0.950
2026-08-31 21:53:48,903 - __main__ - WARNING - [39] No metrics available
2026-08-31 21:53:49,403 - lqr_controller_v2 - INFO - CPU: 0.00% | Error: -5.00% | State: [-5.00, 0.00] | Control: -1.280 | Drop Rate: LQR=-1.280 -> Adj=-1.280 -> Final=0.000
2026-08-31 21:53:49,403 - __main__ - INFO - [40] ovs-1: CPU=0.00%, PPS=13, DropRate=0.000
2026-08-31 21:53:49,404 - lqr_controller_v2 - INFO - CPU: 5.78% | Error: -0.83% | State: [-0.83, -6.85] | Control: -2.290 | Drop Rate: LQR=-2.290 -> Adj=-2.290 -> Final=0.000
2026-08-31 21:53:49,404 - __main__ - INFO - [40] ovs-2: CPU=4.35%, PPS=16,699, DropRate=0.000
2026-08-31 21:53:49,903 - lqr_controller_v2 - INFO - CPU: 0.00% | Error: -5.00% | State: [-5.00, 0.00] | Control: -1.280 | Drop Rate: LQR=-1.280 -> Adj=-1.280 -> Final=0.000
2026-08-31 21:53:49,904 - __main__ - INFO - [41] ovs-1: CPU=0.00%, PPS=17, DropRate=0.000
2026-08-31 21:53:49,904 - lqr_controller_v2 - INFO - CPU: 4.77% | Error: -1.66% | State: [-1.66, -1.66] | Control: -0.928 | Drop Rate: LQR=-0.928 -> Adj=-0.928 -> Final=0.000
2026-08-31 21:53:49,904 - __main__ - INFO - [41] ovs-2: CPU=1.51%, PPS=7,830, DropRate=0.000
2026-08-31 21:53:50,404 - lqr_controller_v2 - INFO - CPU: 0.00% | Error: -5.00% | State: [-5.00, -0.00] | Control: -1.282 | Drop Rate: LQR=-1.282 -> Adj=-1.282 -> Final=0.000
2026-08-31 21:53:50,404 - __main__ - INFO - [42] ovs-1: CPU=0.00%, PPS=11, DropRate=0.000
2026-08-31 21:53:50,404 - lqr_controller_v2 - INFO - SOFT LIMIT (hard): CPU 6.61% > target+margin 5.50%, overshoot=1.61%, drop_rate=0.264
2026-08-31 21:53:50,404 - lqr_controller_v2 - INFO - CPU: 4.77% | Error: 1.61% | State: [1.61, 6.53] | Control: 2.391 | Drop Rate: LQR=2.413 -> Adj=2.413 -> Final=0.950
2026-08-31 21:53:50,404 - __main__ - INFO - [42] ovs-2: CPU=6.20%, PPS=61,013, DropRate=0.950
2026-08-31 21:53:50,904 - lqr_controller_v2 - INFO - CPU: 0.00% | Error: -5.00% | State: [-5.00, 0.00] | Control: -1.280 | Drop Rate: LQR=-1.280 -> Adj=-1.280 -> Final=0.000
2026-08-31 21:53:50,904 - __main__ - INFO - [43] ovs-1: CPU=0.00%, PPS=11, DropRate=0.000
2026-08-31 21:53:50,904 - lqr_controller_v2 - INFO - SOFT LIMIT (hard): CPU 6.20% > target+margin 5.50%, overshoot=1.20%, drop_rate=0.216
2026-08-31 21:53:50,904 - lqr_controller_v2 - INFO - CPU: 6.20% | Error: 1.20% | State: [1.20, -0.81] | Control: 0.064 | Drop Rate: LQR=0.064 -> Adj=0.216 -> Final=0.200
2026-08-31 21:53:50,904 - __main__ - INFO - [43] ovs-2: CPU=6.21%, PPS=38,420, DropRate=0.200
2026-08-31 21:53:51,404 - lqr_controller_v2 - INFO - CPU: 0.00% | Error: -4.96% | State: [-4.96, 0.07] | Control: -1.252 | Drop Rate: LQR=-1.252 -> Adj=-1.252 -> Final=0.000
2026-08-31 21:53:51,404 - __main__ - INFO - [44] ovs-1: CPU=0.06%, PPS=9, DropRate=0.000
2026-08-31 21:53:51,404 - lqr_controller_v2 - INFO - CPU: 4.35% | Error: -1.96% | State: [-1.96, -6.32] | Control: -2.416 | Drop Rate: LQR=-2.416 -> Adj=-2.416 -> Final=0.000
2026-08-31 21:53:51,404 - __main__ - INFO - [44] ovs-2: CPU=2.06%, PPS=9, DropRate=0.000
2026-08-31 21:53:51,903 - __main__ - WARNING - [45] No metrics available
