2026-08-31 21:51:00,626 - __main__ - INFO - Loading config from /home/stefan/LQR/config/multi_lqr_config.yaml
2026-08-31 21:51:00,628 - lqr_controller_v2 - INFO - LQR Controller V2 initialized with target CPU: 5.0%
2026-08-31 21:51:00,628 - lqr_controller_v2 - INFO - Sampling time dt: 0.5s
2026-08-31 21:51:00,628 - lqr_controller_v2 - INFO - Drop rate levels: 20 levels
2026-08-31 21:51:00,628 - lqr_controller_v2 - INFO - LQR Gain K: [[-0.25622322 -0.30311079]]
2026-08-31 21:51:00,628 - lqr_controller_v2 - INFO - Soft limit: enabled
2026-08-31 21:51:00,629 - lqr_controller_v2 - INFO - Prediction: enabled
2026-08-31 21:51:00,629 - lqr_controller_v2 - INFO - LQR Controller V2 initialized with target CPU: 5.0%
2026-08-31 21:51:00,629 - lqr_controller_v2 - INFO - Sampling time dt: 0.5s
2026-08-31 21:51:00,629 - lqr_controller_v2 - INFO - Drop rate levels: 20 levels
2026-08-31 21:51:00,629 - lqr_controller_v2 - INFO - LQR Gain K: [[-0.25622322 -0.30311079]]
2026-08-31 21:51:00,629 - lqr_controller_v2 - INFO - Soft limit: enabled
2026-08-31 21:51:00,629 - lqr_controller_v2 - INFO - Prediction: enabled
2026-08-31 21:51:00,629 - __main__ - INFO - Multi-Namespace LQR Control V2 initialized
2026-08-31 21:51:00,629 - __main__ - INFO - Interface: enp5s0np0
2026-08-31 21:51:00,629 - __main__ - INFO - Sampling time: 0.5s
2026-08-31 21:51:00,629 - __main__ - INFO - Soft limit: True
2026-08-31 21:51:00,629 - __main__ - INFO - Prediction: True
2026-08-31 21:51:00,629 - __main__ - INFO -   ovs-1: target=5.0%
2026-08-31 21:51:00,630 - __main__ - INFO -   ovs-2: target=5.0%
2026-08-31 21:51:00,630 - ovs_lqr_control - INFO - Loading XDP program from /home/stefan/LQR/xdp/ovs_rate_limiter.bpf.c
2026-08-31 21:51:01,640 - ovs_lqr_control - INFO - BPF program compiled successfully
2026-08-31 21:51:01,641 - ovs_lqr_control - INFO - BPF maps obtained
2026-08-31 21:51:01,641 - ovs_lqr_control - INFO - Initializing IP/MAC mappings...
2026-08-31 21:51:01,644 - ovs_lqr_control - INFO -   Mapped 192.168.1.0/24 -> namespace 0 (ovs-1)
2026-08-31 21:51:01,645 - ovs_lqr_control - INFO -   Mapped 192.168.2.0/24 -> namespace 1 (ovs-2)
2026-08-31 21:51:01,645 - ovs_lqr_control - INFO - Mappings initialized
2026-08-31 21:51:01,645 - ovs_lqr_control - INFO - Mappings initialized
2026-08-31 21:51:01,646 - ovs_lqr_control - INFO - XDP function loaded
2026-08-31 21:51:01,658 - ovs_lqr_control - INFO - ✓ XDP program attached to enp5s0np0 (SKB mode)
2026-08-31 21:51:01,658 - __main__ - INFO - ✓ XDP program loaded successfully
2026-08-31 21:51:01,658 - __main__ - INFO - Starting multi-namespace control loop...
2026-08-31 21:51:01,658 - __main__ - INFO - 
2026-08-31 21:51:01,659 - ovs_lqr_control - INFO - Opened log file: /home/stefan/cpu_packet_monitoring/network_metrics_2026-08-31_21-50-57.log.jsonl
2026-08-31 21:51:01,659 - lqr_controller_v2 - INFO - CPU: 0.00% | Error: -5.00% | State: [-5.00, 0.00] | Control: -1.281 | Drop Rate: LQR=-1.281 -> Adj=-1.281 -> Final=0.000
2026-08-31 21:51:01,659 - __main__ - INFO - [1] ovs-1: CPU=0.00%, PPS=7, DropRate=0.000
2026-08-31 21:51:01,659 - lqr_controller_v2 - INFO - CPU: 0.00% | Error: -5.00% | State: [-5.00, 0.00] | Control: -1.281 | Drop Rate: LQR=-1.281 -> Adj=-1.281 -> Final=0.000
2026-08-31 21:51:01,659 - __main__ - INFO - [1] ovs-2: CPU=0.00%, PPS=7, DropRate=0.000
2026-08-31 21:51:02,159 - lqr_controller_v2 - INFO - CPU: 0.00% | Error: -5.00% | State: [-5.00, 0.00] | Control: -1.281 | Drop Rate: LQR=-1.281 -> Adj=-1.281 -> Final=0.000
2026-08-31 21:51:02,159 - __main__ - INFO - [2] ovs-1: CPU=0.00%, PPS=15, DropRate=0.000
2026-08-31 21:51:02,159 - lqr_controller_v2 - INFO - CPU: 0.00% | Error: -5.00% | State: [-5.00, 0.00] | Control: -1.281 | Drop Rate: LQR=-1.281 -> Adj=-1.281 -> Final=0.000
2026-08-31 21:51:02,159 - __main__ - INFO - [2] ovs-2: CPU=0.00%, PPS=15, DropRate=0.000
2026-08-31 21:51:02,659 - lqr_controller_v2 - INFO - CPU: 0.00% | Error: -3.80% | State: [-3.80, 2.40] | Control: -0.245 | Drop Rate: LQR=-0.245 -> Adj=-0.245 -> Final=0.000
2026-08-31 21:51:02,659 - __main__ - INFO - [3] ovs-1: CPU=2.00%, PPS=19, DropRate=0.000
2026-08-31 21:51:02,659 - lqr_controller_v2 - INFO - CPU: 0.00% | Error: -4.38% | State: [-4.38, 1.24] | Control: -0.747 | Drop Rate: LQR=-0.747 -> Adj=-0.747 -> Final=0.000
2026-08-31 21:51:02,659 - __main__ - INFO - [3] ovs-2: CPU=1.03%, PPS=11,663, DropRate=0.000
2026-08-31 21:51:03,159 - lqr_controller_v2 - INFO - CPU: 0.00% | Error: -5.00% | State: [-5.00, -2.40] | Control: -2.009 | Drop Rate: LQR=-2.009 -> Adj=-2.009 -> Final=0.000
2026-08-31 21:51:03,159 - __main__ - INFO - [4] ovs-1: CPU=0.00%, PPS=17, DropRate=0.000
2026-08-31 21:51:03,159 - lqr_controller_v2 - INFO - CPU: 0.52% | Error: -3.49% | State: [-3.49, 1.79] | Control: -0.352 | Drop Rate: LQR=-0.352 -> Adj=-0.352 -> Final=0.000
2026-08-31 21:51:03,159 - __main__ - INFO - [4] ovs-2: CPU=2.43%, PPS=24,421, DropRate=0.000
2026-08-31 21:51:03,659 - lqr_controller_v2 - INFO - CPU: 0.00% | Error: -5.00% | State: [-5.00, -0.00] | Control: -1.281 | Drop Rate: LQR=-1.281 -> Adj=-1.281 -> Final=0.000
2026-08-31 21:51:03,659 - __main__ - INFO - [5] ovs-1: CPU=0.00%, PPS=13, DropRate=0.000
2026-08-31 21:51:03,659 - lqr_controller_v2 - INFO - CPU: 1.03% | Error: -4.09% | State: [-4.09, -1.21] | Control: -1.413 | Drop Rate: LQR=-1.413 -> Adj=-1.413 -> Final=0.000
2026-08-31 21:51:03,660 - __main__ - INFO - [5] ovs-2: CPU=1.53%, PPS=24,425, DropRate=0.000
2026-08-31 21:51:04,159 - lqr_controller_v2 - INFO - CPU: 0.00% | Error: -5.00% | State: [-5.00, 0.00] | Control: -1.281 | Drop Rate: LQR=-1.281 -> Adj=-1.281 -> Final=0.000
2026-08-31 21:51:04,159 - __main__ - INFO - [6] ovs-1: CPU=0.00%, PPS=9, DropRate=0.000
2026-08-31 21:51:04,159 - lqr_controller_v2 - INFO - CPU: 1.53% | Error: -3.14% | State: [-3.14, 1.91] | Control: -0.225 | Drop Rate: LQR=-0.225 -> Adj=-0.225 -> Final=0.000
2026-08-31 21:51:04,159 - __main__ - INFO - [6] ovs-2: CPU=2.09%, PPS=24,418, DropRate=0.000
2026-08-31 21:51:04,659 - lqr_controller_v2 - INFO - CPU: 0.00% | Error: -5.00% | State: [-5.00, -0.00] | Control: -1.281 | Drop Rate: LQR=-1.281 -> Adj=-1.281 -> Final=0.000
2026-08-31 21:51:04,659 - __main__ - INFO - [7] ovs-1: CPU=0.00%, PPS=11, DropRate=0.000
2026-08-31 21:51:04,660 - lqr_controller_v2 - INFO - CPU: 2.09% | Error: -2.12% | State: [-2.12, 2.03] | Control: 0.070 | Drop Rate: LQR=0.070 -> Adj=0.070 -> Final=0.050
2026-08-31 21:51:04,660 - __main__ - INFO - [7] ovs-2: CPU=3.40%, PPS=24,420, DropRate=0.050
2026-08-31 21:51:05,159 - lqr_controller_v2 - INFO - CPU: 0.00% | Error: -5.00% | State: [-5.00, 0.00] | Control: -1.280 | Drop Rate: LQR=-1.280 -> Adj=-1.280 -> Final=0.000
2026-08-31 21:51:05,159 - __main__ - INFO - [8] ovs-1: CPU=0.00%, PPS=22, DropRate=0.000
2026-08-31 21:51:05,160 - lqr_controller_v2 - INFO - CPU: 2.09% | Error: -3.51% | State: [-3.51, -2.77] | Control: -1.738 | Drop Rate: LQR=-1.738 -> Adj=-1.738 -> Final=0.000
2026-08-31 21:51:05,160 - __main__ - INFO - [8] ovs-2: CPU=1.75%, PPS=23,397, DropRate=0.000
2026-08-31 21:51:05,659 - __main__ - WARNING - [9] No metrics available
2026-08-31 21:51:06,160 - lqr_controller_v2 - INFO - CPU: 0.00% | Error: -5.00% | State: [-5.00, -0.00] | Control: -1.281 | Drop Rate: LQR=-1.281 -> Adj=-1.281 -> Final=0.000
2026-08-31 21:51:06,160 - __main__ - INFO - [10] ovs-1: CPU=0.00%, PPS=5, DropRate=0.000
2026-08-31 21:51:06,160 - lqr_controller_v2 - INFO - CPU: 2.09% | Error: -1.95% | State: [-1.95, 3.11] | Control: 0.442 | Drop Rate: LQR=0.442 -> Adj=0.442 -> Final=0.450
2026-08-31 21:51:06,160 - __main__ - INFO - [10] ovs-2: CPU=3.52%, PPS=24,358, DropRate=0.450
2026-08-31 21:51:06,660 - lqr_controller_v2 - INFO - CPU: 0.00% | Error: -5.00% | State: [-5.00, 0.00] | Control: -1.280 | Drop Rate: LQR=-1.280 -> Adj=-1.280 -> Final=0.000
2026-08-31 21:51:06,660 - __main__ - INFO - [11] ovs-1: CPU=0.00%, PPS=15, DropRate=0.000
2026-08-31 21:51:06,660 - lqr_controller_v2 - INFO - CPU: 2.76% | Error: -2.47% | State: [-2.47, -1.04] | Control: -0.947 | Drop Rate: LQR=-0.947 -> Adj=-0.947 -> Final=0.000
2026-08-31 21:51:06,660 - __main__ - INFO - [11] ovs-2: CPU=2.76%, PPS=23,255, DropRate=0.000
2026-08-31 21:51:07,160 - lqr_controller_v2 - INFO - CPU: 0.00% | Error: -5.00% | State: [-5.00, -0.00] | Control: -1.282 | Drop Rate: LQR=-1.282 -> Adj=-1.282 -> Final=0.000
2026-08-31 21:51:07,160 - __main__ - INFO - [12] ovs-1: CPU=0.00%, PPS=7, DropRate=0.000
2026-08-31 21:51:07,160 - lqr_controller_v2 - INFO - CPU: 2.76% | Error: -2.80% | State: [-2.80, -0.65] | Control: -0.914 | Drop Rate: LQR=-0.914 -> Adj=-0.914 -> Final=0.000
2026-08-31 21:51:07,160 - __main__ - INFO - [12] ovs-2: CPU=1.83%, PPS=15,768, DropRate=0.000
2026-08-31 21:51:07,660 - lqr_controller_v2 - INFO - CPU: 0.00% | Error: -3.80% | State: [-3.80, 2.40] | Control: -0.245 | Drop Rate: LQR=-0.245 -> Adj=-0.245 -> Final=0.000
2026-08-31 21:51:07,660 - __main__ - INFO - [13] ovs-1: CPU=2.00%, PPS=15, DropRate=0.000
2026-08-31 21:51:07,660 - lqr_controller_v2 - INFO - CPU: 2.44% | Error: -2.38% | State: [-2.38, 0.83] | Control: -0.358 | Drop Rate: LQR=-0.358 -> Adj=-0.358 -> Final=0.000
2026-08-31 21:51:07,660 - __main__ - INFO - [13] ovs-2: CPU=2.44%, PPS=24,432, DropRate=0.000
2026-08-31 21:51:08,160 - lqr_controller_v2 - INFO - CPU: 0.00% | Error: -4.40% | State: [-4.40, -1.20] | Control: -1.491 | Drop Rate: LQR=-1.491 -> Adj=-1.491 -> Final=0.000
2026-08-31 21:51:08,160 - __main__ - INFO - [14] ovs-1: CPU=2.00%, PPS=11, DropRate=0.000
2026-08-31 21:51:08,161 - lqr_controller_v2 - INFO - CPU: 2.76% | Error: -1.98% | State: [-1.98, 0.79] | Control: -0.268 | Drop Rate: LQR=-0.268 -> Adj=-0.268 -> Final=0.000
2026-08-31 21:51:08,161 - __main__ - INFO - [14] ovs-2: CPU=3.03%, PPS=24,430, DropRate=0.000
2026-08-31 21:51:08,660 - lqr_controller_v2 - INFO - CPU: 0.00% | Error: -5.00% | State: [-5.00, -1.20] | Control: -1.645 | Drop Rate: LQR=-1.645 -> Adj=-1.645 -> Final=0.000
2026-08-31 21:51:08,660 - __main__ - INFO - [15] ovs-1: CPU=0.00%, PPS=17, DropRate=0.000
2026-08-31 21:51:08,661 - lqr_controller_v2 - INFO - CPU: 2.44% | Error: -3.29% | State: [-3.29, -2.62] | Control: -1.638 | Drop Rate: LQR=-1.638 -> Adj=-1.638 -> Final=0.000
2026-08-31 21:51:08,661 - __main__ - INFO - [15] ovs-2: CPU=1.51%, PPS=24,432, DropRate=0.000
2026-08-31 21:51:09,160 - lqr_controller_v2 - INFO - CPU: 0.00% | Error: -5.00% | State: [-5.00, -0.00] | Control: -1.281 | Drop Rate: LQR=-1.281 -> Adj=-1.281 -> Final=0.000
2026-08-31 21:51:09,160 - __main__ - INFO - [16] ovs-1: CPU=0.00%, PPS=9, DropRate=0.000
2026-08-31 21:51:09,160 - lqr_controller_v2 - INFO - CPU: 2.44% | Error: -0.95% | State: [-0.95, 4.68] | Control: 1.175 | Drop Rate: LQR=1.175 -> Adj=1.175 -> Final=0.950
2026-08-31 21:51:09,161 - __main__ - INFO - [16] ovs-2: CPU=4.66%, PPS=24,416, DropRate=0.950
2026-08-31 21:51:09,660 - lqr_controller_v2 - INFO - CPU: 0.00% | Error: -5.00% | State: [-5.00, 0.01] | Control: -1.278 | Drop Rate: LQR=-1.278 -> Adj=-1.278 -> Final=0.000
2026-08-31 21:51:09,661 - __main__ - INFO - [17] ovs-1: CPU=0.00%, PPS=20, DropRate=0.000
2026-08-31 21:51:09,661 - lqr_controller_v2 - INFO - CPU: 2.44% | Error: -3.29% | State: [-3.29, -4.68] | Control: -2.263 | Drop Rate: LQR=-2.263 -> Adj=-2.263 -> Final=0.000
2026-08-31 21:51:09,661 - __main__ - INFO - [17] ovs-2: CPU=1.36%, PPS=7,788, DropRate=0.000
2026-08-31 21:51:10,161 - lqr_controller_v2 - INFO - CPU: 0.00% | Error: -5.00% | State: [-5.00, -0.00] | Control: -1.282 | Drop Rate: LQR=-1.282 -> Adj=-1.282 -> Final=0.000
2026-08-31 21:51:10,161 - __main__ - INFO - [18] ovs-1: CPU=0.00%, PPS=21, DropRate=0.000
2026-08-31 21:51:10,161 - lqr_controller_v2 - INFO - CPU: 2.30% | Error: -2.42% | State: [-2.42, 1.76] | Control: -0.087 | Drop Rate: LQR=-0.087 -> Adj=-0.087 -> Final=0.000
2026-08-31 21:51:10,161 - __main__ - INFO - [18] ovs-2: CPU=2.30%, PPS=20,667, DropRate=0.000
2026-08-31 21:51:10,660 - __main__ - WARNING - [19] No metrics available
2026-08-31 21:51:11,161 - lqr_controller_v2 - INFO - CPU: 0.00% | Error: -5.00% | State: [-5.00, 0.00] | Control: -1.280 | Drop Rate: LQR=-1.280 -> Adj=-1.280 -> Final=0.000
2026-08-31 21:51:11,161 - __main__ - INFO - [20] ovs-1: CPU=0.00%, PPS=20, DropRate=0.000
2026-08-31 21:51:11,161 - lqr_controller_v2 - INFO - CPU: 2.30% | Error: -1.28% | State: [-1.28, 2.26] | Control: 0.358 | Drop Rate: LQR=0.358 -> Adj=0.358 -> Final=0.350
2026-08-31 21:51:11,161 - __main__ - INFO - [20] ovs-2: CPU=4.66%, PPS=24,435, DropRate=0.350
2026-08-31 21:51:11,661 - lqr_controller_v2 - INFO - CPU: 0.00% | Error: -5.00% | State: [-5.00, -0.00] | Control: -1.281 | Drop Rate: LQR=-1.281 -> Adj=-1.281 -> Final=0.000
2026-08-31 21:51:11,661 - __main__ - INFO - [21] ovs-1: CPU=0.00%, PPS=12, DropRate=0.000
2026-08-31 21:51:11,662 - lqr_controller_v2 - INFO - CPU: 3.57% | Error: -1.76% | State: [-1.76, -0.95] | Control: -0.738 | Drop Rate: LQR=-0.738 -> Adj=-0.738 -> Final=0.000
2026-08-31 21:51:11,662 - __main__ - INFO - [21] ovs-2: CPU=3.57%, PPS=23,398, DropRate=0.000
2026-08-31 21:51:12,161 - lqr_controller_v2 - INFO - CPU: 0.00% | Error: -5.00% | State: [-5.00, 0.00] | Control: -1.281 | Drop Rate: LQR=-1.281 -> Adj=-1.281 -> Final=0.000
2026-08-31 21:51:12,161 - __main__ - INFO - [22] ovs-1: CPU=0.00%, PPS=15, DropRate=0.000
2026-08-31 21:51:12,162 - lqr_controller_v2 - INFO - CPU: 2.30% | Error: -3.25% | State: [-3.25, -2.98] | Control: -1.735 | Drop Rate: LQR=-1.735 -> Adj=-1.735 -> Final=0.000
2026-08-31 21:51:12,162 - __main__ - INFO - [22] ovs-2: CPU=2.02%, PPS=18,043, DropRate=0.000
2026-08-31 21:51:12,661 - lqr_controller_v2 - INFO - CPU: 0.00% | Error: -5.00% | State: [-5.00, -0.00] | Control: -1.281 | Drop Rate: LQR=-1.281 -> Adj=-1.281 -> Final=0.000
2026-08-31 21:51:12,661 - __main__ - INFO - [23] ovs-1: CPU=0.00%, PPS=13, DropRate=0.000
2026-08-31 21:51:12,662 - lqr_controller_v2 - INFO - CPU: 3.57% | Error: -0.40% | State: [-0.40, 5.69] | Control: 1.624 | Drop Rate: LQR=1.624 -> Adj=1.624 -> Final=0.950
2026-08-31 21:51:12,662 - __main__ - INFO - [23] ovs-2: CPU=4.51%, PPS=24,430, DropRate=0.950
2026-08-31 21:51:13,161 - lqr_controller_v2 - INFO - CPU: 0.00% | Error: -3.80% | State: [-3.80, 2.40] | Control: -0.246 | Drop Rate: LQR=-0.246 -> Adj=-0.246 -> Final=0.000
2026-08-31 21:51:13,161 - __main__ - INFO - [24] ovs-1: CPU=2.00%, PPS=7, DropRate=0.000
2026-08-31 21:51:13,161 - lqr_controller_v2 - INFO - CPU: 3.57% | Error: -2.50% | State: [-2.50, -4.20] | Control: -1.915 | Drop Rate: LQR=-1.915 -> Adj=-1.915 -> Final=0.000
2026-08-31 21:51:13,162 - __main__ - INFO - [24] ovs-2: CPU=1.73%, PPS=13,393, DropRate=0.000
2026-08-31 21:51:13,661 - lqr_controller_v2 - INFO - CPU: 0.00% | Error: -5.00% | State: [-5.00, -2.40] | Control: -2.008 | Drop Rate: LQR=-2.008 -> Adj=-2.008 -> Final=0.000
2026-08-31 21:51:13,662 - __main__ - INFO - [25] ovs-1: CPU=0.00%, PPS=9, DropRate=0.000
2026-08-31 21:51:13,662 - lqr_controller_v2 - INFO - CPU: 2.02% | Error: -3.21% | State: [-3.21, -1.42] | Control: -1.251 | Drop Rate: LQR=-1.251 -> Adj=-1.251 -> Final=0.000
2026-08-31 21:51:13,662 - __main__ - INFO - [25] ovs-2: CPU=1.49%, PPS=14,755, DropRate=0.000
2026-08-31 21:51:14,162 - lqr_controller_v2 - INFO - CPU: 0.00% | Error: -5.00% | State: [-5.00, 0.00] | Control: -1.281 | Drop Rate: LQR=-1.281 -> Adj=-1.281 -> Final=0.000
2026-08-31 21:51:14,162 - __main__ - INFO - [26] ovs-1: CPU=0.00%, PPS=9, DropRate=0.000
2026-08-31 21:51:14,162 - lqr_controller_v2 - INFO - CPU: 2.02% | Error: -1.05% | State: [-1.05, 4.33] | Control: 1.043 | Drop Rate: LQR=1.043 -> Adj=1.043 -> Final=0.950
2026-08-31 21:51:14,162 - __main__ - INFO - [26] ovs-2: CPU=4.98%, PPS=24,421, DropRate=0.950
2026-08-31 21:51:14,662 - lqr_controller_v2 - INFO - CPU: 0.00% | Error: -3.80% | State: [-3.80, 2.40] | Control: -0.245 | Drop Rate: LQR=-0.245 -> Adj=-0.245 -> Final=0.000
2026-08-31 21:51:14,662 - __main__ - INFO - [27] ovs-1: CPU=2.00%, PPS=12, DropRate=0.000
2026-08-31 21:51:14,662 - lqr_controller_v2 - INFO - CPU: 1.73% | Error: -3.79% | State: [-3.79, -5.49] | Control: -2.636 | Drop Rate: LQR=-2.636 -> Adj=-2.636 -> Final=0.000
2026-08-31 21:51:14,662 - __main__ - INFO - [27] ovs-2: CPU=1.11%, PPS=5,770, DropRate=0.000
2026-08-31 21:51:15,161 - __main__ - WARNING - [28] No metrics available
2026-08-31 21:51:15,662 - lqr_controller_v2 - INFO - CPU: 0.00% | Error: -5.00% | State: [-5.00, -2.40] | Control: -2.009 | Drop Rate: LQR=-2.009 -> Adj=-2.009 -> Final=0.000
2026-08-31 21:51:15,662 - __main__ - INFO - [29] ovs-1: CPU=0.00%, PPS=9, DropRate=0.000
2026-08-31 21:51:15,662 - lqr_controller_v2 - INFO - CPU: 1.73% | Error: -2.34% | State: [-2.34, 2.91] | Control: 0.285 | Drop Rate: LQR=0.285 -> Adj=0.285 -> Final=0.300
2026-08-31 21:51:15,662 - __main__ - INFO - [29] ovs-2: CPU=2.98%, PPS=22,848, DropRate=0.300
2026-08-31 21:51:16,162 - lqr_controller_v2 - INFO - CPU: 0.00% | Error: -5.00% | State: [-5.00, 0.00] | Control: -1.280 | Drop Rate: LQR=-1.280 -> Adj=-1.280 -> Final=0.000
2026-08-31 21:51:16,162 - __main__ - INFO - [30] ovs-1: CPU=0.00%, PPS=15, DropRate=0.000
2026-08-31 21:51:16,162 - lqr_controller_v2 - INFO - CPU: 2.98% | Error: -1.62% | State: [-1.62, 1.42] | Control: 0.016 | Drop Rate: LQR=0.016 -> Adj=0.016 -> Final=0.000
2026-08-31 21:51:16,163 - __main__ - INFO - [30] ovs-2: CPU=3.64%, PPS=23,881, DropRate=0.000
2026-08-31 21:51:16,662 - lqr_controller_v2 - INFO - CPU: 0.00% | Error: -5.00% | State: [-5.00, -0.00] | Control: -1.281 | Drop Rate: LQR=-1.281 -> Adj=-1.281 -> Final=0.000
2026-08-31 21:51:16,662 - __main__ - INFO - [31] ovs-1: CPU=0.00%, PPS=13, DropRate=0.000
2026-08-31 21:51:16,662 - lqr_controller_v2 - INFO - CPU: 2.98% | Error: -2.69% | State: [-2.69, -2.13] | Control: -1.335 | Drop Rate: LQR=-1.335 -> Adj=-1.335 -> Final=0.000
2026-08-31 21:51:16,663 - __main__ - INFO - [31] ovs-2: CPU=2.19%, PPS=18,641, DropRate=0.000
2026-08-31 21:51:17,162 - lqr_controller_v2 - INFO - CPU: 0.00% | Error: -5.00% | State: [-5.00, 0.00] | Control: -1.280 | Drop Rate: LQR=-1.280 -> Adj=-1.280 -> Final=0.000
2026-08-31 21:51:17,162 - __main__ - INFO - [32] ovs-1: CPU=0.00%, PPS=17, DropRate=0.000
2026-08-31 21:51:17,163 - lqr_controller_v2 - INFO - CPU: 2.98% | Error: -1.57% | State: [-1.57, 2.25] | Control: 0.280 | Drop Rate: LQR=0.280 -> Adj=0.280 -> Final=0.300
2026-08-31 21:51:17,163 - __main__ - INFO - [32] ovs-2: CPU=3.34%, PPS=24,549, DropRate=0.300
2026-08-31 21:51:17,662 - lqr_controller_v2 - INFO - CPU: 0.00% | Error: -5.00% | State: [-5.00, -0.00] | Control: -1.281 | Drop Rate: LQR=-1.281 -> Adj=-1.281 -> Final=0.000
2026-08-31 21:51:17,662 - __main__ - INFO - [33] ovs-1: CPU=0.00%, PPS=15, DropRate=0.000
2026-08-31 21:51:17,663 - lqr_controller_v2 - INFO - CPU: 3.34% | Error: -1.09% | State: [-1.09, 0.95] | Control: 0.008 | Drop Rate: LQR=0.008 -> Adj=0.008 -> Final=0.000
2026-08-31 21:51:17,663 - __main__ - INFO - [33] ovs-2: CPU=4.29%, PPS=21,398, DropRate=0.000
2026-08-31 21:51:18,162 - lqr_controller_v2 - INFO - CPU: 0.00% | Error: -5.00% | State: [-5.00, 0.00] | Control: -1.280 | Drop Rate: LQR=-1.280 -> Adj=-1.280 -> Final=0.000
2026-08-31 21:51:18,162 - __main__ - INFO - [34] ovs-1: CPU=0.00%, PPS=15, DropRate=0.000
2026-08-31 21:51:18,163 - lqr_controller_v2 - INFO - CPU: 3.64% | Error: -1.07% | State: [-1.07, 0.04] | Control: -0.262 | Drop Rate: LQR=-0.262 -> Adj=-0.262 -> Final=0.000
2026-08-31 21:51:18,163 - __main__ - INFO - [34] ovs-2: CPU=4.45%, PPS=21,182, DropRate=0.000
2026-08-31 21:51:18,662 - lqr_controller_v2 - INFO - CPU: 0.00% | Error: -3.80% | State: [-3.80, 2.40] | Control: -0.246 | Drop Rate: LQR=-0.246 -> Adj=-0.246 -> Final=0.000
2026-08-31 21:51:18,663 - __main__ - INFO - [35] ovs-1: CPU=2.00%, PPS=7, DropRate=0.000
2026-08-31 21:51:18,663 - lqr_controller_v2 - INFO - CPU: 3.34% | Error: -2.14% | State: [-2.14, -2.14] | Control: -1.196 | Drop Rate: LQR=-1.196 -> Adj=-1.196 -> Final=0.000
2026-08-31 21:51:18,663 - __main__ - INFO - [35] ovs-2: CPU=3.10%, PPS=24,657, DropRate=0.000
2026-08-31 21:51:19,163 - lqr_controller_v2 - INFO - CPU: 0.00% | Error: -5.00% | State: [-5.00, -2.40] | Control: -2.008 | Drop Rate: LQR=-2.008 -> Adj=-2.008 -> Final=0.000
2026-08-31 21:51:19,163 - __main__ - INFO - [36] ovs-1: CPU=0.00%, PPS=12, DropRate=0.000
2026-08-31 21:51:19,163 - lqr_controller_v2 - INFO - CPU: 3.34% | Error: -1.98% | State: [-1.98, 0.32] | Control: -0.412 | Drop Rate: LQR=-0.412 -> Adj=-0.412 -> Final=0.000
2026-08-31 21:51:19,163 - __main__ - INFO - [36] ovs-2: CPU=2.68%, PPS=24,495, DropRate=0.000
2026-08-31 21:51:19,662 - __main__ - WARNING - [37] No metrics available
2026-08-31 21:51:20,163 - lqr_controller_v2 - INFO - CPU: 0.00% | Error: -5.00% | State: [-5.00, 0.00] | Control: -1.281 | Drop Rate: LQR=-1.281 -> Adj=-1.281 -> Final=0.000
2026-08-31 21:51:20,163 - __main__ - INFO - [38] ovs-1: CPU=0.00%, PPS=9, DropRate=0.000
2026-08-31 21:51:20,163 - lqr_controller_v2 - INFO - CPU: 3.10% | Error: -2.11% | State: [-2.11, -0.26] | Control: -0.619 | Drop Rate: LQR=-0.619 -> Adj=-0.619 -> Final=0.000
2026-08-31 21:51:20,163 - __main__ - INFO - [38] ovs-2: CPU=2.55%, PPS=24,423, DropRate=0.000
2026-08-31 21:51:20,663 - lqr_controller_v2 - INFO - CPU: 0.00% | Error: -5.00% | State: [-5.00, 0.01] | Control: -1.278 | Drop Rate: LQR=-1.278 -> Adj=-1.278 -> Final=0.000
2026-08-31 21:51:20,663 - __main__ - INFO - [39] ovs-1: CPU=0.01%, PPS=34, DropRate=0.000
2026-08-31 21:51:20,663 - lqr_controller_v2 - INFO - CPU: 3.10% | Error: -1.40% | State: [-1.40, 1.42] | Control: 0.072 | Drop Rate: LQR=0.072 -> Adj=0.072 -> Final=0.050
2026-08-31 21:51:20,663 - __main__ - INFO - [39] ovs-2: CPU=3.66%, PPS=24,447, DropRate=0.050
2026-08-31 21:51:21,163 - lqr_controller_v2 - INFO - CPU: 0.00% | Error: -5.00% | State: [-5.00, -0.00] | Control: -1.282 | Drop Rate: LQR=-1.282 -> Adj=-1.282 -> Final=0.000
2026-08-31 21:51:21,163 - __main__ - INFO - [40] ovs-1: CPU=0.00%, PPS=22, DropRate=0.000
2026-08-31 21:51:21,163 - lqr_controller_v2 - INFO - CPU: 3.10% | Error: -0.97% | State: [-0.97, 0.85] | Control: 0.009 | Drop Rate: LQR=0.009 -> Adj=0.009 -> Final=0.000
2026-08-31 21:51:21,163 - __main__ - INFO - [40] ovs-2: CPU=4.93%, PPS=24,225, DropRate=0.000
2026-08-31 21:51:21,663 - lqr_controller_v2 - INFO - CPU: 0.00% | Error: -5.00% | State: [-5.00, 0.00] | Control: -1.280 | Drop Rate: LQR=-1.280 -> Adj=-1.280 -> Final=0.000
2026-08-31 21:51:21,663 - __main__ - INFO - [41] ovs-1: CPU=0.00%, PPS=20, DropRate=0.000
2026-08-31 21:51:21,663 - lqr_controller_v2 - INFO - CPU: 2.96% | Error: -2.63% | State: [-2.63, -3.32] | Control: -1.680 | Drop Rate: LQR=-1.680 -> Adj=-1.680 -> Final=0.000
2026-08-31 21:51:21,664 - __main__ - INFO - [41] ovs-2: CPU=2.96%, PPS=23,607, DropRate=0.000
2026-08-31 21:51:22,163 - lqr_controller_v2 - INFO - CPU: 0.00% | Error: -5.00% | State: [-5.00, 0.00] | Control: -1.280 | Drop Rate: LQR=-1.280 -> Adj=-1.280 -> Final=0.000
2026-08-31 21:51:22,163 - __main__ - INFO - [42] ovs-1: CPU=0.00%, PPS=30, DropRate=0.000
2026-08-31 21:51:22,164 - lqr_controller_v2 - INFO - CPU: 2.96% | Error: -2.22% | State: [-2.22, 0.83] | Control: -0.318 | Drop Rate: LQR=-0.318 -> Adj=-0.318 -> Final=0.000
2026-08-31 21:51:22,164 - __main__ - INFO - [42] ovs-2: CPU=2.66%, PPS=24,578, DropRate=0.000
2026-08-31 21:51:22,663 - lqr_controller_v2 - INFO - CPU: 0.00% | Error: -2.60% | State: [-2.60, 4.80] | Control: 0.790 | Drop Rate: LQR=0.790 -> Adj=0.790 -> Final=0.800
2026-08-31 21:51:22,663 - __main__ - INFO - [43] ovs-1: CPU=4.00%, PPS=26, DropRate=0.800
2026-08-31 21:51:22,664 - lqr_controller_v2 - INFO - CPU: 2.96% | Error: -2.93% | State: [-2.93, -1.42] | Control: -1.181 | Drop Rate: LQR=-1.181 -> Adj=-1.181 -> Final=0.000
2026-08-31 21:51:22,664 - __main__ - INFO - [43] ovs-2: CPU=1.03%, PPS=7,950, DropRate=0.000
2026-08-31 21:51:23,163 - lqr_controller_v2 - INFO - CPU: 0.00% | Error: -5.00% | State: [-5.00, -4.80] | Control: -2.736 | Drop Rate: LQR=-2.736 -> Adj=-2.736 -> Final=0.000
2026-08-31 21:51:23,163 - __main__ - INFO - [44] ovs-1: CPU=2.00%, PPS=30, DropRate=0.000
2026-08-31 21:51:23,164 - lqr_controller_v2 - INFO - CPU: 2.66% | Error: -2.24% | State: [-2.24, 1.37] | Control: -0.160 | Drop Rate: LQR=-0.160 -> Adj=-0.160 -> Final=0.000
2026-08-31 21:51:23,164 - __main__ - INFO - [44] ovs-2: CPU=2.00%, PPS=30, DropRate=0.000
