2026-08-25 19:29:39,781 - __main__ - INFO - Loading config from /home/stefan/LQR/config/multi_lqr_config.yaml
2026-08-25 19:29:39,783 - lqr_controller_v2 - INFO - LQR Controller V2 initialized with target CPU: 3.0%
2026-08-25 19:29:39,784 - lqr_controller_v2 - INFO - Sampling time dt: 0.5s
2026-08-25 19:29:39,784 - lqr_controller_v2 - INFO - Drop rate levels: 20 levels
2026-08-25 19:29:39,784 - lqr_controller_v2 - INFO - LQR Gain K: [[0.25622424 0.30311163]]
2026-08-25 19:29:39,784 - lqr_controller_v2 - INFO - Soft limit: enabled
2026-08-25 19:29:39,784 - lqr_controller_v2 - INFO - Prediction: enabled
2026-08-25 19:29:39,784 - lqr_controller_v2 - INFO - LQR Controller V2 initialized with target CPU: 3.0%
2026-08-25 19:29:39,784 - lqr_controller_v2 - INFO - Sampling time dt: 0.5s
2026-08-25 19:29:39,784 - lqr_controller_v2 - INFO - Drop rate levels: 20 levels
2026-08-25 19:29:39,785 - lqr_controller_v2 - INFO - LQR Gain K: [[0.25622424 0.30311163]]
2026-08-25 19:29:39,785 - lqr_controller_v2 - INFO - Soft limit: enabled
2026-08-25 19:29:39,785 - lqr_controller_v2 - INFO - Prediction: enabled
2026-08-25 19:29:39,785 - __main__ - INFO - Multi-Namespace LQR Control V2 initialized
2026-08-25 19:29:39,785 - __main__ - INFO - Interface: enp5s0np0
2026-08-25 19:29:39,785 - __main__ - INFO - Sampling time: 0.5s
2026-08-25 19:29:39,785 - __main__ - INFO - Soft limit: True
2026-08-25 19:29:39,785 - __main__ - INFO - Prediction: True
2026-08-25 19:29:39,785 - __main__ - INFO -   ovs-1: target=3.0%, max=3.0%
2026-08-25 19:29:39,785 - __main__ - INFO -   ovs-2: target=3.0%, max=3.0%
2026-08-25 19:29:39,785 - ovs_lqr_control - INFO - Loading XDP program from /home/stefan/LQR/xdp/ovs_rate_limiter.bpf.c
2026-08-25 19:29:40,802 - ovs_lqr_control - INFO - BPF program compiled successfully
2026-08-25 19:29:40,802 - ovs_lqr_control - INFO - BPF maps obtained
2026-08-25 19:29:40,802 - ovs_lqr_control - INFO - Initializing IP/MAC mappings...
2026-08-25 19:29:40,806 - ovs_lqr_control - INFO -   Mapped 192.168.1.0/24 -> namespace 0 (ovs-1)
2026-08-25 19:29:40,807 - ovs_lqr_control - INFO -   Mapped 192.168.2.0/24 -> namespace 1 (ovs-2)
2026-08-25 19:29:40,807 - ovs_lqr_control - INFO - Mappings initialized
2026-08-25 19:29:40,807 - ovs_lqr_control - INFO - Mappings initialized
2026-08-25 19:29:40,808 - ovs_lqr_control - INFO - XDP function loaded
2026-08-25 19:29:40,821 - ovs_lqr_control - INFO - ✓ XDP program attached to enp5s0np0 (SKB mode)
2026-08-25 19:29:40,821 - __main__ - INFO - ✓ XDP program loaded successfully
2026-08-25 19:29:40,821 - __main__ - INFO - Starting multi-namespace control loop...
2026-08-25 19:29:40,821 - __main__ - INFO - 
2026-08-25 19:29:40,822 - ovs_lqr_control - INFO - Opened log file: /home/stefan/cpu_packet_monitoring/network_metrics_2026-08-25_19-29-35.log.jsonl
2026-08-25 19:29:40,822 - __main__ - INFO - [1] ovs-1: CPU=2.00%, PPS=3, DropRate=0.250
2026-08-25 19:29:40,822 - __main__ - INFO - [1] ovs-2: CPU=0.00%, PPS=3, DropRate=0.750
2026-08-25 19:29:41,322 - __main__ - INFO - [2] ovs-1: CPU=0.06%, PPS=9, DropRate=0.950
2026-08-25 19:29:41,322 - __main__ - INFO - [2] ovs-2: CPU=2.06%, PPS=9, DropRate=0.000
2026-08-25 19:29:41,822 - __main__ - INFO - [3] ovs-1: CPU=0.06%, PPS=11, DropRate=0.750
2026-08-25 19:29:41,822 - __main__ - INFO - [3] ovs-2: CPU=0.06%, PPS=11, DropRate=0.950
2026-08-25 19:29:42,322 - __main__ - INFO - [4] ovs-1: CPU=0.00%, PPS=21, DropRate=0.750
2026-08-25 19:29:42,323 - __main__ - INFO - [4] ovs-2: CPU=1.25%, PPS=5,341, DropRate=0.000
2026-08-25 19:29:42,823 - __main__ - INFO - [5] ovs-1: CPU=0.00%, PPS=5, DropRate=0.750
2026-08-25 19:29:42,823 - __main__ - INFO - [5] ovs-2: CPU=4.52%, PPS=15,758, DropRate=0.000
2026-08-25 19:29:43,322 - __main__ - INFO - [6] ovs-1: CPU=0.00%, PPS=15, DropRate=0.800
2026-08-25 19:29:43,322 - __main__ - INFO - [6] ovs-2: CPU=4.52%, PPS=24,429, DropRate=0.000
2026-08-25 19:29:43,822 - __main__ - INFO - [7] ovs-1: CPU=2.00%, PPS=3, DropRate=0.000
2026-08-25 19:29:43,822 - __main__ - INFO - [7] ovs-2: CPU=2.97%, PPS=24,416, DropRate=0.000
2026-08-25 19:29:44,322 - __main__ - WARNING - [8] No metrics available
2026-08-25 19:29:44,823 - __main__ - INFO - [9] ovs-1: CPU=0.00%, PPS=9, DropRate=0.950
/home/stefan/LQR/src/lqr_controller_v2.py:241: RuntimeWarning: divide by zero encountered in scalar divide
  hard_drop = min((overshoot / max_overshoot) ** 0.7 * 0.95, 0.95)
2026-08-25 19:29:44,824 - lqr_controller_v2 - INFO - SOFT LIMIT: CPU 3.91% > target+margin 3.50%, overshoot=0.91%, drop_rate=0.950
2026-08-25 19:29:44,824 - __main__ - INFO - [9] ovs-2: CPU=4.30%, PPS=24,422, DropRate=0.950
2026-08-25 19:29:45,323 - __main__ - INFO - [10] ovs-1: CPU=0.00%, PPS=11, DropRate=0.750
2026-08-25 19:29:45,324 - lqr_controller_v2 - INFO - SOFT LIMIT: CPU 3.95% > target+margin 3.50%, overshoot=0.95%, drop_rate=0.950
2026-08-25 19:29:45,324 - __main__ - INFO - [10] ovs-2: CPU=4.36%, PPS=23,352, DropRate=0.950
2026-08-25 19:29:45,823 - __main__ - INFO - [11] ovs-1: CPU=0.01%, PPS=15, DropRate=0.750
/home/stefan/LQR/src/lqr_controller_v2.py:231: RuntimeWarning: divide by zero encountered in scalar divide
  hard_component = (overshoot / max_overshoot) ** 0.5 * 0.95
2026-08-25 19:29:45,824 - __main__ - INFO - [11] ovs-2: CPU=0.90%, PPS=1,234, DropRate=0.950
2026-08-25 19:29:46,323 - __main__ - INFO - [12] ovs-1: CPU=2.01%, PPS=11, DropRate=0.000
2026-08-25 19:29:46,324 - __main__ - INFO - [12] ovs-2: CPU=1.13%, PPS=1,236, DropRate=0.450
2026-08-25 19:29:46,824 - __main__ - INFO - [13] ovs-1: CPU=0.00%, PPS=15, DropRate=0.950
2026-08-25 19:29:46,824 - __main__ - INFO - [13] ovs-2: CPU=1.71%, PPS=5,449, DropRate=0.650
2026-08-25 19:29:47,324 - __main__ - INFO - [14] ovs-1: CPU=2.00%, PPS=9, DropRate=0.000
2026-08-25 19:29:47,324 - __main__ - INFO - [14] ovs-2: CPU=2.74%, PPS=11,288, DropRate=0.100
2026-08-25 19:29:47,824 - __main__ - INFO - [15] ovs-1: CPU=0.00%, PPS=3, DropRate=0.950
2026-08-25 19:29:47,824 - __main__ - INFO - [15] ovs-2: CPU=3.33%, PPS=15,828, DropRate=0.250
2026-08-25 19:29:48,324 - __main__ - INFO - [16] ovs-1: CPU=0.00%, PPS=11, DropRate=0.750
2026-08-25 19:29:48,324 - __main__ - INFO - [16] ovs-2: CPU=3.02%, PPS=19,671, DropRate=0.000
2026-08-25 19:29:48,824 - __main__ - INFO - [17] ovs-1: CPU=0.00%, PPS=7, DropRate=0.750
2026-08-25 19:29:48,824 - __main__ - INFO - [17] ovs-2: CPU=5.57%, PPS=22,734, DropRate=0.950
2026-08-25 19:29:49,324 - __main__ - INFO - [18] ovs-1: CPU=0.00%, PPS=9, DropRate=0.750
2026-08-25 19:29:49,324 - __main__ - INFO - [18] ovs-2: CPU=3.60%, PPS=5,471, DropRate=0.150
2026-08-25 19:29:49,823 - __main__ - WARNING - [19] No metrics available
2026-08-25 19:29:50,324 - __main__ - INFO - [20] ovs-1: CPU=0.00%, PPS=13, DropRate=0.750
2026-08-25 19:29:50,324 - __main__ - INFO - [20] ovs-2: CPU=3.88%, PPS=19,061, DropRate=0.950
2026-08-25 19:29:50,825 - __main__ - INFO - [21] ovs-1: CPU=2.00%, PPS=9, DropRate=0.000
2026-08-25 19:29:50,825 - __main__ - INFO - [21] ovs-2: CPU=3.22%, PPS=19,744, DropRate=0.950
2026-08-25 19:29:51,325 - __main__ - INFO - [22] ovs-1: CPU=0.02%, PPS=22, DropRate=0.950
2026-08-25 19:29:51,325 - __main__ - INFO - [22] ovs-2: CPU=0.89%, PPS=1,240, DropRate=0.600
2026-08-25 19:29:51,825 - __main__ - INFO - [23] ovs-1: CPU=0.00%, PPS=11, DropRate=0.750
2026-08-25 19:29:51,825 - __main__ - INFO - [23] ovs-2: CPU=1.35%, PPS=3,441, DropRate=0.000
2026-08-25 19:29:52,324 - __main__ - INFO - [24] ovs-1: CPU=0.00%, PPS=11, DropRate=0.750
2026-08-25 19:29:52,325 - __main__ - INFO - [24] ovs-2: CPU=5.22%, PPS=15,030, DropRate=0.950
2026-08-25 19:29:52,825 - __main__ - INFO - [25] ovs-1: CPU=2.00%, PPS=13, DropRate=0.000
2026-08-25 19:29:52,825 - __main__ - INFO - [25] ovs-2: CPU=2.29%, PPS=13,869, DropRate=0.950
2026-08-25 19:29:53,325 - __main__ - INFO - [26] ovs-1: CPU=0.01%, PPS=13, DropRate=0.950
2026-08-25 19:29:53,325 - __main__ - INFO - [26] ovs-2: CPU=1.12%, PPS=1,233, DropRate=0.900
2026-08-25 19:29:53,825 - __main__ - INFO - [27] ovs-1: CPU=0.00%, PPS=7, DropRate=0.750
2026-08-25 19:29:53,825 - __main__ - INFO - [27] ovs-2: CPU=1.13%, PPS=2,028, DropRate=0.250
2026-08-25 19:29:54,325 - __main__ - INFO - [28] ovs-1: CPU=0.00%, PPS=19, DropRate=0.750
2026-08-25 19:29:54,325 - __main__ - INFO - [28] ovs-2: CPU=3.21%, PPS=14,410, DropRate=0.000
2026-08-25 19:29:54,825 - __main__ - INFO - [29] ovs-1: CPU=0.00%, PPS=19, DropRate=0.750
2026-08-25 19:29:54,825 - __main__ - INFO - [29] ovs-2: CPU=3.47%, PPS=23,514, DropRate=0.150
2026-08-25 19:29:55,325 - __main__ - WARNING - [30] No metrics available
2026-08-25 19:29:55,826 - __main__ - INFO - [31] ovs-1: CPU=0.00%, PPS=17, DropRate=0.750
2026-08-25 19:29:55,826 - __main__ - INFO - [31] ovs-2: CPU=2.88%, PPS=20,994, DropRate=0.000
2026-08-25 19:29:56,326 - __main__ - INFO - [32] ovs-1: CPU=0.00%, PPS=11, DropRate=0.750
2026-08-25 19:29:56,326 - __main__ - INFO - [32] ovs-2: CPU=2.76%, PPS=21,034, DropRate=0.000
2026-08-25 19:29:56,825 - __main__ - INFO - [33] ovs-1: CPU=2.00%, PPS=13, DropRate=0.000
2026-08-25 19:29:56,826 - __main__ - INFO - [33] ovs-2: CPU=6.84%, PPS=24,429, DropRate=0.950
2026-08-25 19:29:57,326 - __main__ - INFO - [34] ovs-1: CPU=0.00%, PPS=15, DropRate=0.950
2026-08-25 19:29:57,326 - __main__ - INFO - [34] ovs-2: CPU=3.19%, PPS=18,057, DropRate=0.750
2026-08-25 19:29:57,826 - __main__ - INFO - [35] ovs-1: CPU=0.01%, PPS=22, DropRate=0.750
2026-08-25 19:29:57,826 - __main__ - INFO - [35] ovs-2: CPU=1.46%, PPS=3,072, DropRate=0.400
2026-08-25 19:29:58,326 - __main__ - INFO - [36] ovs-1: CPU=0.00%, PPS=11, DropRate=0.750
2026-08-25 19:29:58,326 - __main__ - INFO - [36] ovs-2: CPU=2.62%, PPS=10,184, DropRate=0.000
2026-08-25 19:29:58,826 - __main__ - INFO - [37] ovs-1: CPU=0.00%, PPS=15, DropRate=0.750
2026-08-25 19:29:58,826 - __main__ - INFO - [37] ovs-2: CPU=6.13%, PPS=20,300, DropRate=0.950
2026-08-25 19:29:59,326 - __main__ - INFO - [38] ovs-1: CPU=2.00%, PPS=7, DropRate=0.000
2026-08-25 19:29:59,326 - __main__ - INFO - [38] ovs-2: CPU=2.39%, PPS=8,667, DropRate=0.950
2026-08-25 19:29:59,826 - __main__ - INFO - [39] ovs-1: CPU=0.00%, PPS=3, DropRate=0.950
2026-08-25 19:29:59,826 - __main__ - INFO - [39] ovs-2: CPU=1.02%, PPS=1,227, DropRate=0.450
2026-08-25 19:30:00,326 - __main__ - WARNING - [40] No metrics available
2026-08-25 19:30:00,827 - __main__ - INFO - [41] ovs-1: CPU=0.00%, PPS=7, DropRate=0.750
2026-08-25 19:30:00,827 - __main__ - INFO - [41] ovs-2: CPU=2.89%, PPS=11,885, DropRate=0.000
2026-08-25 19:30:01,326 - __main__ - INFO - [42] ovs-1: CPU=2.00%, PPS=0, DropRate=0.000
2026-08-25 19:30:01,327 - __main__ - INFO - [42] ovs-2: CPU=3.22%, PPS=13,528, DropRate=0.000
2026-08-25 19:30:01,827 - __main__ - INFO - [43] ovs-1: CPU=0.00%, PPS=11, DropRate=0.950
2026-08-25 19:30:01,827 - __main__ - INFO - [43] ovs-2: CPU=4.01%, PPS=24,424, DropRate=0.000
2026-08-25 19:30:02,327 - __main__ - INFO - [44] ovs-1: CPU=0.00%, PPS=0, DropRate=0.750
2026-08-25 19:30:02,327 - __main__ - INFO - [44] ovs-2: CPU=2.28%, PPS=14,540, DropRate=0.650
2026-08-25 19:30:02,827 - __main__ - INFO - [45] ovs-1: CPU=0.06%, PPS=9, DropRate=0.750
2026-08-25 19:30:02,827 - __main__ - INFO - [45] ovs-2: CPU=0.06%, PPS=9, DropRate=0.350
2026-08-25 19:30:03,326 - __main__ - WARNING - [46] No metrics available
2026-08-25 19:30:03,827 - __main__ - WARNING - [47] No metrics available
