2026-08-25 19:14:45,687 - __main__ - INFO - Loading config from /home/stefan/LQR/config/multi_lqr_config.yaml
2026-08-25 19:14:45,690 - lqr_controller_v2 - INFO - LQR Controller V2 initialized with target CPU: 3.0%
2026-08-25 19:14:45,690 - lqr_controller_v2 - INFO - Sampling time dt: 0.5s
2026-08-25 19:14:45,690 - lqr_controller_v2 - INFO - Drop rate levels: 20 levels
2026-08-25 19:14:45,691 - lqr_controller_v2 - INFO - LQR Gain K: [[0.25622424 0.30311163]]
2026-08-25 19:14:45,691 - lqr_controller_v2 - INFO - Soft limit: enabled
2026-08-25 19:14:45,691 - lqr_controller_v2 - INFO - Prediction: enabled
2026-08-25 19:14:45,691 - lqr_controller_v2 - INFO - LQR Controller V2 initialized with target CPU: 3.0%
2026-08-25 19:14:45,691 - lqr_controller_v2 - INFO - Sampling time dt: 0.5s
2026-08-25 19:14:45,691 - lqr_controller_v2 - INFO - Drop rate levels: 20 levels
2026-08-25 19:14:45,691 - lqr_controller_v2 - INFO - LQR Gain K: [[0.25622424 0.30311163]]
2026-08-25 19:14:45,691 - lqr_controller_v2 - INFO - Soft limit: enabled
2026-08-25 19:14:45,691 - lqr_controller_v2 - INFO - Prediction: enabled
2026-08-25 19:14:45,692 - __main__ - INFO - Multi-Namespace LQR Control V2 initialized
2026-08-25 19:14:45,692 - __main__ - INFO - Interface: enp5s0np0
2026-08-25 19:14:45,692 - __main__ - INFO - Sampling time: 0.5s
2026-08-25 19:14:45,692 - __main__ - INFO - Soft limit: True
2026-08-25 19:14:45,692 - __main__ - INFO - Prediction: True
2026-08-25 19:14:45,692 - __main__ - INFO -   ovs-1: target=3.0%, max=3.0%
2026-08-25 19:14:45,692 - __main__ - INFO -   ovs-2: target=3.0%, max=3.0%
2026-08-25 19:14:45,692 - ovs_lqr_control - INFO - Loading XDP program from /home/stefan/LQR/xdp/ovs_rate_limiter.bpf.c
2026-08-25 19:14:46,720 - ovs_lqr_control - INFO - BPF program compiled successfully
2026-08-25 19:14:46,721 - ovs_lqr_control - INFO - BPF maps obtained
2026-08-25 19:14:46,721 - ovs_lqr_control - INFO - Initializing IP/MAC mappings...
2026-08-25 19:14:46,724 - ovs_lqr_control - INFO -   Mapped 192.168.1.0/24 -> namespace 0 (ovs-1)
2026-08-25 19:14:46,726 - ovs_lqr_control - INFO -   Mapped 192.168.2.0/24 -> namespace 1 (ovs-2)
2026-08-25 19:14:46,726 - ovs_lqr_control - INFO - Mappings initialized
2026-08-25 19:14:46,726 - ovs_lqr_control - INFO - Mappings initialized
2026-08-25 19:14:46,726 - ovs_lqr_control - INFO - XDP function loaded
2026-08-25 19:14:46,737 - ovs_lqr_control - INFO - ✓ XDP program attached to enp5s0np0 (SKB mode)
2026-08-25 19:14:46,737 - __main__ - INFO - ✓ XDP program loaded successfully
2026-08-25 19:14:46,737 - __main__ - INFO - Starting multi-namespace control loop...
2026-08-25 19:14:46,737 - __main__ - INFO - 
2026-08-25 19:14:46,738 - ovs_lqr_control - INFO - Opened log file: /home/stefan/cpu_packet_monitoring/network_metrics_2026-08-25_19-14-40.log.jsonl
2026-08-25 19:14:46,738 - __main__ - INFO - [1] ovs-1: CPU=0.00%, PPS=15, DropRate=0.750
2026-08-25 19:14:46,738 - __main__ - INFO - [1] ovs-2: CPU=0.00%, PPS=15, DropRate=0.750
2026-08-25 19:14:47,238 - __main__ - INFO - [2] ovs-1: CPU=0.00%, PPS=9, DropRate=0.750
2026-08-25 19:14:47,238 - __main__ - INFO - [2] ovs-2: CPU=0.00%, PPS=9, DropRate=0.750
2026-08-25 19:14:47,738 - __main__ - INFO - [3] ovs-1: CPU=0.06%, PPS=13, DropRate=0.750
2026-08-25 19:14:47,738 - __main__ - INFO - [3] ovs-2: CPU=0.06%, PPS=13, DropRate=0.750
2026-08-25 19:14:48,238 - __main__ - INFO - [4] ovs-1: CPU=2.00%, PPS=7, DropRate=0.000
2026-08-25 19:14:48,239 - __main__ - INFO - [4] ovs-2: CPU=0.00%, PPS=7, DropRate=0.800
2026-08-25 19:14:48,738 - __main__ - INFO - [5] ovs-1: CPU=0.06%, PPS=7, DropRate=0.950
2026-08-25 19:14:48,739 - __main__ - INFO - [5] ovs-2: CPU=2.06%, PPS=7, DropRate=0.000
2026-08-25 19:14:49,239 - __main__ - INFO - [6] ovs-1: CPU=0.00%, PPS=13, DropRate=0.750
2026-08-25 19:14:49,239 - __main__ - INFO - [6] ovs-2: CPU=0.00%, PPS=13, DropRate=0.950
2026-08-25 19:14:49,739 - __main__ - INFO - [7] ovs-1: CPU=0.00%, PPS=7, DropRate=0.750
2026-08-25 19:14:49,739 - __main__ - INFO - [7] ovs-2: CPU=0.00%, PPS=7, DropRate=0.750
2026-08-25 19:14:50,239 - __main__ - INFO - [8] ovs-1: CPU=0.06%, PPS=9, DropRate=0.750
2026-08-25 19:14:50,239 - __main__ - INFO - [8] ovs-2: CPU=0.06%, PPS=9, DropRate=0.750
2026-08-25 19:14:50,739 - __main__ - INFO - [9] ovs-1: CPU=0.00%, PPS=9, DropRate=0.800
2026-08-25 19:14:50,739 - __main__ - INFO - [9] ovs-2: CPU=2.00%, PPS=5, DropRate=0.000
2026-08-25 19:14:51,239 - __main__ - INFO - [10] ovs-1: CPU=0.06%, PPS=13, DropRate=0.750
2026-08-25 19:14:51,239 - __main__ - INFO - [10] ovs-2: CPU=0.06%, PPS=13, DropRate=0.950
2026-08-25 19:14:51,739 - __main__ - INFO - [11] ovs-1: CPU=2.00%, PPS=9, DropRate=0.000
2026-08-25 19:14:51,739 - __main__ - INFO - [11] ovs-2: CPU=0.00%, PPS=9, DropRate=0.750
2026-08-25 19:14:52,239 - __main__ - WARNING - [12] No metrics available
2026-08-25 19:14:52,739 - __main__ - INFO - [13] ovs-1: CPU=3.18%, PPS=40,035, DropRate=0.550
2026-08-25 19:14:52,739 - __main__ - INFO - [13] ovs-2: CPU=0.00%, PPS=13, DropRate=0.750
2026-08-25 19:14:53,240 - __main__ - INFO - [14] ovs-1: CPU=6.36%, PPS=66,212, DropRate=0.000
2026-08-25 19:14:53,240 - __main__ - INFO - [14] ovs-2: CPU=0.00%, PPS=7, DropRate=0.800
2026-08-25 19:14:53,740 - __main__ - INFO - [15] ovs-1: CPU=3.80%, PPS=39,774, DropRate=0.000
2026-08-25 19:14:53,740 - __main__ - INFO - [15] ovs-2: CPU=2.00%, PPS=7, DropRate=0.000
/home/stefan/LQR/src/lqr_controller_v2.py:241: RuntimeWarning: divide by zero encountered in scalar divide
  hard_drop = min((overshoot / max_overshoot) ** 0.7 * 0.95, 0.95)
2026-08-25 19:14:54,240 - lqr_controller_v2 - INFO - SOFT LIMIT: CPU 3.56% > target+margin 3.50%, overshoot=0.56%, drop_rate=0.950
2026-08-25 19:14:54,240 - __main__ - INFO - [16] ovs-1: CPU=8.43%, PPS=70,819, DropRate=0.950
2026-08-25 19:14:54,240 - __main__ - INFO - [16] ovs-2: CPU=0.00%, PPS=11, DropRate=0.950
2026-08-25 19:14:54,740 - lqr_controller_v2 - INFO - SOFT LIMIT: CPU 3.84% > target+margin 3.50%, overshoot=0.84%, drop_rate=0.950
2026-08-25 19:14:54,740 - __main__ - INFO - [17] ovs-1: CPU=4.90%, PPS=41,951, DropRate=0.950
2026-08-25 19:14:54,740 - __main__ - INFO - [17] ovs-2: CPU=0.00%, PPS=11, DropRate=0.750
/home/stefan/LQR/src/lqr_controller_v2.py:231: RuntimeWarning: divide by zero encountered in scalar divide
  hard_component = (overshoot / max_overshoot) ** 0.5 * 0.95
2026-08-25 19:14:55,240 - __main__ - INFO - [18] ovs-1: CPU=1.26%, PPS=3,667, DropRate=0.950
2026-08-25 19:14:55,240 - __main__ - INFO - [18] ovs-2: CPU=0.00%, PPS=11, DropRate=0.750
2026-08-25 19:14:55,740 - __main__ - INFO - [19] ovs-1: CPU=0.68%, PPS=3,675, DropRate=0.550
2026-08-25 19:14:55,740 - __main__ - INFO - [19] ovs-2: CPU=0.00%, PPS=15, DropRate=0.750
2026-08-25 19:14:56,240 - lqr_controller_v2 - INFO - SOFT LIMIT: CPU 4.04% > target+margin 3.50%, overshoot=1.04%, drop_rate=0.950
2026-08-25 19:14:56,240 - __main__ - INFO - [20] ovs-1: CPU=4.48%, PPS=24,227, DropRate=0.950
2026-08-25 19:14:56,240 - __main__ - INFO - [20] ovs-2: CPU=0.00%, PPS=9, DropRate=0.750
2026-08-25 19:14:56,740 - __main__ - INFO - [21] ovs-1: CPU=1.38%, PPS=9,148, DropRate=0.950
2026-08-25 19:14:56,740 - __main__ - INFO - [21] ovs-2: CPU=0.00%, PPS=13, DropRate=0.750
2026-08-25 19:14:57,240 - __main__ - WARNING - [22] No metrics available
2026-08-25 19:14:57,741 - __main__ - INFO - [23] ovs-1: CPU=0.68%, PPS=3,668, DropRate=0.600
2026-08-25 19:14:57,741 - __main__ - INFO - [23] ovs-2: CPU=2.00%, PPS=9, DropRate=0.000
2026-08-25 19:14:58,241 - __main__ - INFO - [24] ovs-1: CPU=1.04%, PPS=5,672, DropRate=0.300
2026-08-25 19:14:58,241 - __main__ - INFO - [24] ovs-2: CPU=0.00%, PPS=11, DropRate=0.950
2026-08-25 19:14:58,741 - __main__ - INFO - [25] ovs-1: CPU=3.78%, PPS=33,394, DropRate=0.000
2026-08-25 19:14:58,741 - __main__ - INFO - [25] ovs-2: CPU=0.00%, PPS=17, DropRate=0.750
2026-08-25 19:14:59,241 - __main__ - INFO - [26] ovs-1: CPU=4.08%, PPS=57,979, DropRate=0.300
2026-08-25 19:14:59,241 - __main__ - INFO - [26] ovs-2: CPU=0.00%, PPS=9, DropRate=0.750
2026-08-25 19:14:59,741 - lqr_controller_v2 - INFO - SOFT LIMIT: CPU 3.54% > target+margin 3.50%, overshoot=0.54%, drop_rate=0.950
2026-08-25 19:14:59,741 - __main__ - INFO - [27] ovs-1: CPU=7.82%, PPS=64,284, DropRate=0.950
2026-08-25 19:14:59,741 - __main__ - INFO - [27] ovs-2: CPU=0.00%, PPS=19, DropRate=0.750
2026-08-25 19:15:00,241 - __main__ - INFO - [28] ovs-1: CPU=1.97%, PPS=27,023, DropRate=0.650
2026-08-25 19:15:00,241 - __main__ - INFO - [28] ovs-2: CPU=0.00%, PPS=7, DropRate=0.750
2026-08-25 19:15:00,741 - __main__ - INFO - [29] ovs-1: CPU=1.50%, PPS=17,181, DropRate=0.000
2026-08-25 19:15:00,741 - __main__ - INFO - [29] ovs-2: CPU=2.00%, PPS=7, DropRate=0.000
2026-08-25 19:15:01,241 - lqr_controller_v2 - INFO - SOFT LIMIT: CPU 3.75% > target+margin 3.50%, overshoot=0.75%, drop_rate=0.950
2026-08-25 19:15:01,241 - __main__ - INFO - [30] ovs-1: CPU=5.17%, PPS=59,806, DropRate=0.950
2026-08-25 19:15:01,241 - __main__ - INFO - [30] ovs-2: CPU=2.00%, PPS=11, DropRate=0.800
2026-08-25 19:15:01,741 - __main__ - INFO - [31] ovs-1: CPU=3.00%, PPS=16,741, DropRate=0.950
2026-08-25 19:15:01,741 - __main__ - INFO - [31] ovs-2: CPU=0.00%, PPS=13, DropRate=0.950
2026-08-25 19:15:02,241 - __main__ - WARNING - [32] No metrics available
2026-08-25 19:15:02,742 - __main__ - INFO - [33] ovs-1: CPU=3.24%, PPS=3,670, DropRate=0.000
2026-08-25 19:15:02,742 - __main__ - INFO - [33] ovs-2: CPU=0.01%, PPS=15, DropRate=0.750
2026-08-25 19:15:03,242 - __main__ - INFO - [34] ovs-1: CPU=1.15%, PPS=7,028, DropRate=0.800
2026-08-25 19:15:03,242 - __main__ - INFO - [34] ovs-2: CPU=0.00%, PPS=3, DropRate=0.750
2026-08-25 19:15:03,742 - __main__ - INFO - [35] ovs-1: CPU=6.19%, PPS=64,635, DropRate=0.950
2026-08-25 19:15:03,742 - __main__ - INFO - [35] ovs-2: CPU=0.00%, PPS=7, DropRate=0.750
2026-08-25 19:15:04,242 - __main__ - INFO - [36] ovs-1: CPU=3.41%, PPS=11,719, DropRate=0.550
2026-08-25 19:15:04,242 - __main__ - INFO - [36] ovs-2: CPU=0.00%, PPS=3, DropRate=0.750
2026-08-25 19:15:04,742 - __main__ - INFO - [37] ovs-1: CPU=2.40%, PPS=14,260, DropRate=0.000
2026-08-25 19:15:04,742 - __main__ - INFO - [37] ovs-2: CPU=0.00%, PPS=7, DropRate=0.750
2026-08-25 19:15:05,242 - __main__ - INFO - [38] ovs-1: CPU=4.92%, PPS=51,681, DropRate=0.950
2026-08-25 19:15:05,242 - __main__ - INFO - [38] ovs-2: CPU=0.00%, PPS=11, DropRate=0.750
2026-08-25 19:15:05,742 - __main__ - INFO - [39] ovs-1: CPU=3.77%, PPS=33,844, DropRate=0.950
2026-08-25 19:15:05,742 - __main__ - INFO - [39] ovs-2: CPU=2.00%, PPS=15, DropRate=0.000
2026-08-25 19:15:06,242 - __main__ - INFO - [40] ovs-1: CPU=0.69%, PPS=3,673, DropRate=0.800
2026-08-25 19:15:06,242 - __main__ - INFO - [40] ovs-2: CPU=0.00%, PPS=5, DropRate=0.950
2026-08-25 19:15:06,742 - __main__ - INFO - [41] ovs-1: CPU=1.04%, PPS=12,212, DropRate=0.400
2026-08-25 19:15:06,742 - __main__ - INFO - [41] ovs-2: CPU=0.00%, PPS=5, DropRate=0.750
2026-08-25 19:15:07,242 - __main__ - WARNING - [42] No metrics available
2026-08-25 19:15:07,742 - lqr_controller_v2 - INFO - SOFT LIMIT: CPU 3.54% > target+margin 3.50%, overshoot=0.54%, drop_rate=0.950
2026-08-25 19:15:07,743 - __main__ - INFO - [43] ovs-1: CPU=5.55%, PPS=40,537, DropRate=0.950
2026-08-25 19:15:07,743 - __main__ - INFO - [43] ovs-2: CPU=0.00%, PPS=3, DropRate=0.750
2026-08-25 19:15:08,243 - __main__ - INFO - [44] ovs-1: CPU=3.56%, PPS=42,752, DropRate=0.350
2026-08-25 19:15:08,243 - __main__ - INFO - [44] ovs-2: CPU=0.00%, PPS=9, DropRate=0.750
2026-08-25 19:15:08,743 - __main__ - INFO - [45] ovs-1: CPU=2.17%, PPS=9,888, DropRate=0.950
2026-08-25 19:15:08,743 - __main__ - INFO - [45] ovs-2: CPU=0.00%, PPS=11, DropRate=0.750
2026-08-25 19:15:09,243 - __main__ - INFO - [46] ovs-1: CPU=3.19%, PPS=36,617, DropRate=0.950
2026-08-25 19:15:09,243 - __main__ - INFO - [46] ovs-2: CPU=0.00%, PPS=11, DropRate=0.750
2026-08-25 19:15:09,743 - __main__ - INFO - [47] ovs-1: CPU=1.13%, PPS=3,690, DropRate=0.750
2026-08-25 19:15:09,743 - __main__ - INFO - [47] ovs-2: CPU=0.01%, PPS=17, DropRate=0.750
2026-08-25 19:15:10,243 - __main__ - INFO - [48] ovs-1: CPU=1.50%, PPS=10,506, DropRate=0.350
2026-08-25 19:15:10,243 - __main__ - INFO - [48] ovs-2: CPU=2.00%, PPS=7, DropRate=0.000
2026-08-25 19:15:10,743 - __main__ - INFO - [49] ovs-1: CPU=5.18%, PPS=35,379, DropRate=0.000
2026-08-25 19:15:10,743 - __main__ - INFO - [49] ovs-2: CPU=2.00%, PPS=17, DropRate=0.800
2026-08-25 19:15:11,243 - __main__ - INFO - [50] ovs-1: CPU=5.44%, PPS=65,213, DropRate=0.950
2026-08-25 19:15:11,243 - __main__ - INFO - [50] ovs-2: CPU=0.00%, PPS=11, DropRate=0.950
2026-08-25 19:15:11,743 - __main__ - INFO - [51] ovs-1: CPU=3.20%, PPS=18,183, DropRate=0.500
2026-08-25 19:15:11,743 - __main__ - INFO - [51] ovs-2: CPU=0.00%, PPS=15, DropRate=0.750
2026-08-25 19:15:12,243 - __main__ - WARNING - [52] No metrics available
2026-08-25 19:15:12,744 - __main__ - INFO - [53] ovs-1: CPU=1.73%, PPS=13,881, DropRate=0.300
2026-08-25 19:15:12,744 - __main__ - INFO - [53] ovs-2: CPU=0.00%, PPS=9, DropRate=0.750
2026-08-25 19:15:13,244 - __main__ - INFO - [54] ovs-1: CPU=0.00%, PPS=15, DropRate=0.250
2026-08-25 19:15:13,244 - __main__ - INFO - [54] ovs-2: CPU=0.00%, PPS=11, DropRate=0.750
2026-08-25 19:15:13,743 - __main__ - INFO - [55] ovs-1: CPU=0.00%, PPS=7, DropRate=0.950
2026-08-25 19:15:13,744 - __main__ - INFO - [55] ovs-2: CPU=0.00%, PPS=7, DropRate=0.750
2026-08-25 19:15:14,244 - __main__ - INFO - [56] ovs-1: CPU=4.06%, PPS=13, DropRate=0.000
2026-08-25 19:15:14,244 - __main__ - INFO - [56] ovs-2: CPU=0.06%, PPS=13, DropRate=0.750
2026-08-25 19:15:14,744 - __main__ - INFO - [57] ovs-1: CPU=0.00%, PPS=11, DropRate=0.950
2026-08-25 19:15:14,744 - __main__ - INFO - [57] ovs-2: CPU=0.00%, PPS=11, DropRate=0.800
2026-08-25 19:15:15,244 - __main__ - INFO - [58] ovs-1: CPU=0.00%, PPS=15, DropRate=0.750
2026-08-25 19:15:15,244 - __main__ - INFO - [58] ovs-2: CPU=0.00%, PPS=15, DropRate=0.750
2026-08-25 19:15:15,744 - __main__ - INFO - [59] ovs-1: CPU=0.00%, PPS=21, DropRate=0.750
2026-08-25 19:15:15,744 - __main__ - INFO - [59] ovs-2: CPU=2.00%, PPS=21, DropRate=0.000
2026-08-25 19:15:16,244 - __main__ - INFO - [60] ovs-1: CPU=0.06%, PPS=7, DropRate=0.750
2026-08-25 19:15:16,245 - __main__ - INFO - [60] ovs-2: CPU=0.06%, PPS=7, DropRate=0.950
2026-08-25 19:15:16,744 - __main__ - INFO - [61] ovs-1: CPU=0.06%, PPS=11, DropRate=0.800
2026-08-25 19:15:16,745 - __main__ - INFO - [61] ovs-2: CPU=0.06%, PPS=11, DropRate=0.750
2026-08-25 19:15:17,244 - __main__ - INFO - [62] ovs-1: CPU=0.00%, PPS=5, DropRate=0.800
2026-08-25 19:15:17,245 - __main__ - INFO - [62] ovs-2: CPU=0.00%, PPS=5, DropRate=0.750
2026-08-25 19:15:17,744 - __main__ - WARNING - [63] No metrics available
2026-08-25 19:15:18,245 - __main__ - INFO - [64] ovs-1: CPU=0.00%, PPS=3, DropRate=0.750
2026-08-25 19:15:18,245 - __main__ - INFO - [64] ovs-2: CPU=0.00%, PPS=3, DropRate=0.750
2026-08-25 19:15:18,745 - __main__ - INFO - [65] ovs-1: CPU=0.00%, PPS=5, DropRate=0.750
2026-08-25 19:15:18,745 - __main__ - INFO - [65] ovs-2: CPU=0.00%, PPS=5, DropRate=0.800
2026-08-25 19:15:19,245 - __main__ - WARNING - [66] No metrics available
