2026-08-25 19:36:18,168 - __main__ - INFO - Loading config from /home/stefan/LQR/config/multi_lqr_config.yaml
2026-08-25 19:36:18,170 - lqr_controller_v2 - INFO - LQR Controller V2 initialized with target CPU: 3.0%
2026-08-25 19:36:18,170 - lqr_controller_v2 - INFO - Sampling time dt: 0.5s
2026-08-25 19:36:18,171 - lqr_controller_v2 - INFO - Drop rate levels: 20 levels
2026-08-25 19:36:18,171 - lqr_controller_v2 - INFO - LQR Gain K: [[0.25622424 0.30311163]]
2026-08-25 19:36:18,171 - lqr_controller_v2 - INFO - Soft limit: enabled
2026-08-25 19:36:18,171 - lqr_controller_v2 - INFO - Prediction: enabled
2026-08-25 19:36:18,171 - lqr_controller_v2 - INFO - LQR Controller V2 initialized with target CPU: 3.0%
2026-08-25 19:36:18,171 - lqr_controller_v2 - INFO - Sampling time dt: 0.5s
2026-08-25 19:36:18,171 - lqr_controller_v2 - INFO - Drop rate levels: 20 levels
2026-08-25 19:36:18,172 - lqr_controller_v2 - INFO - LQR Gain K: [[0.25622424 0.30311163]]
2026-08-25 19:36:18,172 - lqr_controller_v2 - INFO - Soft limit: enabled
2026-08-25 19:36:18,172 - lqr_controller_v2 - INFO - Prediction: enabled
2026-08-25 19:36:18,172 - __main__ - INFO - Multi-Namespace LQR Control V2 initialized
2026-08-25 19:36:18,172 - __main__ - INFO - Interface: enp5s0np0
2026-08-25 19:36:18,172 - __main__ - INFO - Sampling time: 0.5s
2026-08-25 19:36:18,172 - __main__ - INFO - Soft limit: True
2026-08-25 19:36:18,172 - __main__ - INFO - Prediction: True
2026-08-25 19:36:18,172 - __main__ - INFO -   ovs-1: target=3.0%, max=3.0%
2026-08-25 19:36:18,172 - __main__ - INFO -   ovs-2: target=3.0%, max=3.0%
2026-08-25 19:36:18,172 - ovs_lqr_control - INFO - Loading XDP program from /home/stefan/LQR/xdp/ovs_rate_limiter.bpf.c
2026-08-25 19:36:19,186 - ovs_lqr_control - INFO - BPF program compiled successfully
2026-08-25 19:36:19,186 - ovs_lqr_control - INFO - BPF maps obtained
2026-08-25 19:36:19,186 - ovs_lqr_control - INFO - Initializing IP/MAC mappings...
2026-08-25 19:36:19,190 - ovs_lqr_control - INFO -   Mapped 192.168.1.0/24 -> namespace 0 (ovs-1)
2026-08-25 19:36:19,191 - ovs_lqr_control - INFO -   Mapped 192.168.2.0/24 -> namespace 1 (ovs-2)
2026-08-25 19:36:19,191 - ovs_lqr_control - INFO - Mappings initialized
2026-08-25 19:36:19,191 - ovs_lqr_control - INFO - Mappings initialized
2026-08-25 19:36:19,191 - ovs_lqr_control - INFO - XDP function loaded
2026-08-25 19:36:19,199 - ovs_lqr_control - INFO - ✓ XDP program attached to enp5s0np0 (SKB mode)
2026-08-25 19:36:19,199 - __main__ - INFO - ✓ XDP program loaded successfully
2026-08-25 19:36:19,199 - __main__ - INFO - Starting multi-namespace control loop...
2026-08-25 19:36:19,199 - __main__ - INFO - 
2026-08-25 19:36:19,200 - ovs_lqr_control - INFO - Opened log file: /home/stefan/cpu_packet_monitoring/network_metrics_2026-08-25_19-36-13.log.jsonl
2026-08-25 19:36:19,200 - __main__ - INFO - [1] ovs-1: CPU=0.00%, PPS=11, DropRate=0.750
2026-08-25 19:36:19,200 - __main__ - INFO - [1] ovs-2: CPU=0.00%, PPS=11, DropRate=0.750
2026-08-25 19:36:19,700 - __main__ - INFO - [2] ovs-1: CPU=0.06%, PPS=15, DropRate=0.700
2026-08-25 19:36:19,700 - __main__ - INFO - [2] ovs-2: CPU=2.06%, PPS=15, DropRate=0.000
2026-08-25 19:36:20,200 - __main__ - INFO - [3] ovs-1: CPU=0.00%, PPS=3, DropRate=0.800
2026-08-25 19:36:20,200 - __main__ - INFO - [3] ovs-2: CPU=0.00%, PPS=3, DropRate=0.950
2026-08-25 19:36:20,700 - __main__ - WARNING - [4] No metrics available
2026-08-25 19:36:21,201 - __main__ - INFO - [5] ovs-1: CPU=0.00%, PPS=9, DropRate=0.750
2026-08-25 19:36:21,201 - __main__ - INFO - [5] ovs-2: CPU=2.00%, PPS=9, DropRate=0.000
2026-08-25 19:36:21,701 - __main__ - INFO - [6] ovs-1: CPU=2.06%, PPS=19, DropRate=0.000
2026-08-25 19:36:21,701 - __main__ - INFO - [6] ovs-2: CPU=0.06%, PPS=19, DropRate=0.950
2026-08-25 19:36:22,201 - __main__ - INFO - [7] ovs-1: CPU=0.00%, PPS=7, DropRate=0.950
2026-08-25 19:36:22,201 - __main__ - INFO - [7] ovs-2: CPU=3.29%, PPS=32,108, DropRate=0.000
2026-08-25 19:36:22,701 - __main__ - INFO - [8] ovs-1: CPU=0.00%, PPS=15, DropRate=0.750
2026-08-25 19:36:22,701 - __main__ - INFO - [8] ovs-2: CPU=4.93%, PPS=30,652, DropRate=0.200
2026-08-25 19:36:23,201 - __main__ - INFO - [9] ovs-1: CPU=2.00%, PPS=11, DropRate=0.000
/home/stefan/LQR/src/lqr_controller_v2.py:231: RuntimeWarning: divide by zero encountered in scalar divide
  hard_component = (overshoot / max_overshoot) ** 0.5 * 0.95
2026-08-25 19:36:23,201 - __main__ - INFO - [9] ovs-2: CPU=6.39%, PPS=60,504, DropRate=0.950
2026-08-25 19:36:23,701 - __main__ - INFO - [10] ovs-1: CPU=0.00%, PPS=11, DropRate=0.950
/home/stefan/LQR/src/lqr_controller_v2.py:241: RuntimeWarning: divide by zero encountered in scalar divide
  hard_drop = min((overshoot / max_overshoot) ** 0.7 * 0.95, 0.95)
2026-08-25 19:36:23,701 - lqr_controller_v2 - INFO - SOFT LIMIT: CPU 4.35% > target+margin 3.50%, overshoot=1.35%, drop_rate=0.950
2026-08-25 19:36:23,701 - __main__ - INFO - [10] ovs-2: CPU=6.28%, PPS=39,411, DropRate=0.950
2026-08-25 19:36:24,201 - __main__ - INFO - [11] ovs-1: CPU=0.00%, PPS=7, DropRate=0.750
2026-08-25 19:36:24,201 - lqr_controller_v2 - INFO - SOFT LIMIT: CPU 3.58% > target+margin 3.50%, overshoot=0.58%, drop_rate=0.950
2026-08-25 19:36:24,202 - __main__ - INFO - [11] ovs-2: CPU=3.35%, PPS=10,276, DropRate=0.950
2026-08-25 19:36:24,701 - __main__ - INFO - [12] ovs-1: CPU=0.00%, PPS=9, DropRate=0.750
2026-08-25 19:36:24,701 - lqr_controller_v2 - INFO - SOFT LIMIT: CPU 3.65% > target+margin 3.50%, overshoot=0.65%, drop_rate=0.950
2026-08-25 19:36:24,702 - __main__ - INFO - [12] ovs-2: CPU=2.00%, PPS=9,786, DropRate=0.950
2026-08-25 19:36:25,201 - __main__ - INFO - [13] ovs-1: CPU=0.00%, PPS=9, DropRate=0.750
2026-08-25 19:36:25,202 - __main__ - INFO - [13] ovs-2: CPU=3.48%, PPS=9,786, DropRate=0.950
2026-08-25 19:36:25,701 - __main__ - WARNING - [14] No metrics available
2026-08-25 19:36:26,202 - __main__ - INFO - [15] ovs-1: CPU=0.00%, PPS=17, DropRate=0.750
2026-08-25 19:36:26,202 - __main__ - INFO - [15] ovs-2: CPU=4.66%, PPS=9,782, DropRate=0.950
2026-08-25 19:36:26,702 - __main__ - INFO - [16] ovs-1: CPU=0.00%, PPS=9, DropRate=0.750
2026-08-25 19:36:26,702 - __main__ - INFO - [16] ovs-2: CPU=2.35%, PPS=9,772, DropRate=0.750
2026-08-25 19:36:27,202 - __main__ - INFO - [17] ovs-1: CPU=2.01%, PPS=19, DropRate=0.000
2026-08-25 19:36:27,202 - __main__ - INFO - [17] ovs-2: CPU=3.68%, PPS=13,285, DropRate=0.950
2026-08-25 19:36:27,702 - __main__ - INFO - [18] ovs-1: CPU=0.00%, PPS=5, DropRate=0.950
2026-08-25 19:36:27,702 - __main__ - INFO - [18] ovs-2: CPU=5.90%, PPS=39,261, DropRate=0.950
2026-08-25 19:36:28,202 - __main__ - INFO - [19] ovs-1: CPU=0.00%, PPS=15, DropRate=0.750
2026-08-25 19:36:28,202 - lqr_controller_v2 - INFO - SOFT LIMIT: CPU 4.16% > target+margin 3.50%, overshoot=1.16%, drop_rate=0.950
2026-08-25 19:36:28,202 - __main__ - INFO - [19] ovs-2: CPU=5.13%, PPS=9,790, DropRate=0.950
2026-08-25 19:36:28,702 - __main__ - INFO - [20] ovs-1: CPU=0.00%, PPS=9, DropRate=0.750
2026-08-25 19:36:28,702 - __main__ - INFO - [20] ovs-2: CPU=2.13%, PPS=9,779, DropRate=0.950
2026-08-25 19:36:29,202 - __main__ - INFO - [21] ovs-1: CPU=0.00%, PPS=11, DropRate=0.750
2026-08-25 19:36:29,203 - __main__ - INFO - [21] ovs-2: CPU=1.97%, PPS=9,777, DropRate=0.950
2026-08-25 19:36:29,702 - __main__ - INFO - [22] ovs-1: CPU=0.00%, PPS=7, DropRate=0.750
2026-08-25 19:36:29,703 - __main__ - INFO - [22] ovs-2: CPU=3.12%, PPS=9,762, DropRate=0.950
2026-08-25 19:36:30,202 - __main__ - INFO - [23] ovs-1: CPU=2.00%, PPS=7, DropRate=0.000
2026-08-25 19:36:30,203 - __main__ - INFO - [23] ovs-2: CPU=4.79%, PPS=9,778, DropRate=0.950
2026-08-25 19:36:30,702 - __main__ - INFO - [24] ovs-1: CPU=0.00%, PPS=9, DropRate=0.950
2026-08-25 19:36:30,703 - __main__ - INFO - [24] ovs-2: CPU=3.45%, PPS=9,784, DropRate=0.200
2026-08-25 19:36:31,202 - __main__ - WARNING - [25] No metrics available
2026-08-25 19:36:31,703 - __main__ - INFO - [26] ovs-1: CPU=0.00%, PPS=9, DropRate=0.750
2026-08-25 19:36:31,703 - __main__ - INFO - [26] ovs-2: CPU=5.97%, PPS=66,645, DropRate=0.950
2026-08-25 19:36:32,203 - __main__ - INFO - [27] ovs-1: CPU=0.00%, PPS=15, DropRate=0.750
2026-08-25 19:36:32,203 - lqr_controller_v2 - INFO - SOFT LIMIT: CPU 4.25% > target+margin 3.50%, overshoot=1.25%, drop_rate=0.950
2026-08-25 19:36:32,203 - __main__ - INFO - [27] ovs-2: CPU=6.33%, PPS=51,123, DropRate=0.950
2026-08-25 19:36:32,703 - __main__ - INFO - [28] ovs-1: CPU=2.00%, PPS=7, DropRate=0.000
2026-08-25 19:36:32,703 - lqr_controller_v2 - INFO - SOFT LIMIT: CPU 4.20% > target+margin 3.50%, overshoot=1.20%, drop_rate=0.950
2026-08-25 19:36:32,703 - __main__ - INFO - [28] ovs-2: CPU=4.58%, PPS=12,875, DropRate=0.950
2026-08-25 19:36:33,203 - __main__ - INFO - [29] ovs-1: CPU=0.00%, PPS=11, DropRate=0.950
2026-08-25 19:36:33,203 - lqr_controller_v2 - INFO - SOFT LIMIT: CPU 3.58% > target+margin 3.50%, overshoot=0.58%, drop_rate=0.950
2026-08-25 19:36:33,204 - __main__ - INFO - [29] ovs-2: CPU=2.91%, PPS=9,772, DropRate=0.950
2026-08-25 19:36:33,703 - __main__ - INFO - [30] ovs-1: CPU=0.00%, PPS=5, DropRate=0.750
2026-08-25 19:36:33,703 - lqr_controller_v2 - INFO - SOFT LIMIT: CPU 4.32% > target+margin 3.50%, overshoot=1.32%, drop_rate=0.950
2026-08-25 19:36:33,703 - __main__ - INFO - [30] ovs-2: CPU=4.89%, PPS=9,773, DropRate=0.950
2026-08-25 19:36:34,203 - __main__ - INFO - [31] ovs-1: CPU=0.00%, PPS=7, DropRate=0.750
2026-08-25 19:36:34,204 - __main__ - INFO - [31] ovs-2: CPU=2.69%, PPS=9,770, DropRate=0.950
2026-08-25 19:36:34,703 - __main__ - INFO - [32] ovs-1: CPU=0.00%, PPS=11, DropRate=0.750
2026-08-25 19:36:34,704 - __main__ - INFO - [32] ovs-2: CPU=3.32%, PPS=9,777, DropRate=0.950
2026-08-25 19:36:35,204 - __main__ - INFO - [33] ovs-1: CPU=0.00%, PPS=5, DropRate=0.750
2026-08-25 19:36:35,204 - __main__ - INFO - [33] ovs-2: CPU=3.49%, PPS=9,770, DropRate=0.950
2026-08-25 19:36:35,704 - __main__ - INFO - [34] ovs-1: CPU=2.01%, PPS=15, DropRate=0.000
2026-08-25 19:36:35,704 - __main__ - INFO - [34] ovs-2: CPU=3.31%, PPS=9,782, DropRate=0.950
2026-08-25 19:36:36,203 - __main__ - WARNING - [35] No metrics available
2026-08-25 19:36:36,704 - __main__ - INFO - [36] ovs-1: CPU=0.00%, PPS=9, DropRate=0.950
2026-08-25 19:36:36,705 - __main__ - INFO - [36] ovs-2: CPU=2.66%, PPS=9,768, DropRate=0.200
2026-08-25 19:36:37,204 - __main__ - INFO - [37] ovs-1: CPU=0.00%, PPS=11, DropRate=0.750
2026-08-25 19:36:37,204 - __main__ - INFO - [37] ovs-2: CPU=2.57%, PPS=13,289, DropRate=0.950
2026-08-25 19:36:37,704 - __main__ - INFO - [38] ovs-1: CPU=0.00%, PPS=7, DropRate=0.750
2026-08-25 19:36:37,705 - __main__ - INFO - [38] ovs-2: CPU=8.45%, PPS=57,813, DropRate=0.950
2026-08-25 19:36:38,204 - __main__ - INFO - [39] ovs-1: CPU=0.00%, PPS=7, DropRate=0.750
2026-08-25 19:36:38,204 - __main__ - INFO - [39] ovs-2: CPU=3.71%, PPS=12,240, DropRate=0.700
2026-08-25 19:36:38,704 - __main__ - INFO - [40] ovs-1: CPU=0.00%, PPS=3, DropRate=0.750
2026-08-25 19:36:38,705 - __main__ - INFO - [40] ovs-2: CPU=4.71%, PPS=25,525, DropRate=0.950
2026-08-25 19:36:39,204 - __main__ - INFO - [41] ovs-1: CPU=0.00%, PPS=5, DropRate=0.750
2026-08-25 19:36:39,205 - lqr_controller_v2 - INFO - SOFT LIMIT: CPU 4.11% > target+margin 3.50%, overshoot=1.11%, drop_rate=0.950
2026-08-25 19:36:39,205 - __main__ - INFO - [41] ovs-2: CPU=4.59%, PPS=33,252, DropRate=0.950
2026-08-25 19:36:39,705 - __main__ - INFO - [42] ovs-1: CPU=2.00%, PPS=5, DropRate=0.000
2026-08-25 19:36:39,705 - __main__ - INFO - [42] ovs-2: CPU=2.57%, PPS=9,757, DropRate=0.950
2026-08-25 19:36:40,205 - __main__ - INFO - [43] ovs-1: CPU=2.00%, PPS=15, DropRate=0.800
2026-08-25 19:36:40,205 - lqr_controller_v2 - INFO - SOFT LIMIT: CPU 4.11% > target+margin 3.50%, overshoot=1.11%, drop_rate=0.950
2026-08-25 19:36:40,205 - __main__ - INFO - [43] ovs-2: CPU=4.66%, PPS=9,793, DropRate=0.950
2026-08-25 19:36:40,705 - __main__ - INFO - [44] ovs-1: CPU=0.00%, PPS=13, DropRate=0.950
2026-08-25 19:36:40,705 - __main__ - INFO - [44] ovs-2: CPU=2.78%, PPS=9,769, DropRate=0.950
2026-08-25 19:36:41,204 - __main__ - WARNING - [45] No metrics available
2026-08-25 19:36:41,705 - __main__ - INFO - [46] ovs-1: CPU=0.00%, PPS=9, DropRate=0.750
2026-08-25 19:36:41,706 - __main__ - INFO - [46] ovs-2: CPU=2.12%, PPS=9,759, DropRate=0.800
2026-08-25 19:36:42,205 - __main__ - INFO - [47] ovs-1: CPU=0.00%, PPS=17, DropRate=0.750
2026-08-25 19:36:42,206 - __main__ - INFO - [47] ovs-2: CPU=1.49%, PPS=5,433, DropRate=0.450
2026-08-25 19:36:42,705 - __main__ - INFO - [48] ovs-1: CPU=0.04%, PPS=11, DropRate=0.750
2026-08-25 19:36:42,706 - __main__ - INFO - [48] ovs-2: CPU=4.07%, PPS=19, DropRate=0.000
2026-08-25 19:36:43,206 - __main__ - INFO - [49] ovs-1: CPU=0.00%, PPS=9, DropRate=0.800
2026-08-25 19:36:43,206 - __main__ - INFO - [49] ovs-2: CPU=0.00%, PPS=13, DropRate=0.950
2026-08-25 19:36:43,706 - __main__ - INFO - [50] ovs-1: CPU=0.00%, PPS=17, DropRate=0.750
2026-08-25 19:36:43,706 - __main__ - INFO - [50] ovs-2: CPU=0.00%, PPS=17, DropRate=0.750
2026-08-25 19:36:44,206 - __main__ - INFO - [51] ovs-1: CPU=0.06%, PPS=7, DropRate=0.750
2026-08-25 19:36:44,206 - __main__ - INFO - [51] ovs-2: CPU=0.06%, PPS=7, DropRate=0.950
2026-08-25 19:36:44,706 - __main__ - INFO - [52] ovs-1: CPU=2.00%, PPS=17, DropRate=0.000
2026-08-25 19:36:44,706 - __main__ - INFO - [52] ovs-2: CPU=0.00%, PPS=17, DropRate=0.800
2026-08-25 19:36:45,205 - __main__ - WARNING - [53] No metrics available
2026-08-25 19:36:45,706 - __main__ - WARNING - [54] No metrics available
