2026-08-25 19:35:30,393 - __main__ - INFO - Loading config from /home/stefan/LQR/config/multi_lqr_config.yaml
2026-08-25 19:35:30,396 - lqr_controller_v2 - INFO - LQR Controller V2 initialized with target CPU: 3.0%
2026-08-25 19:35:30,396 - lqr_controller_v2 - INFO - Sampling time dt: 0.5s
2026-08-25 19:35:30,396 - lqr_controller_v2 - INFO - Drop rate levels: 20 levels
2026-08-25 19:35:30,396 - lqr_controller_v2 - INFO - LQR Gain K: [[0.25622424 0.30311163]]
2026-08-25 19:35:30,396 - lqr_controller_v2 - INFO - Soft limit: enabled
2026-08-25 19:35:30,396 - lqr_controller_v2 - INFO - Prediction: enabled
2026-08-25 19:35:30,397 - lqr_controller_v2 - INFO - LQR Controller V2 initialized with target CPU: 3.0%
2026-08-25 19:35:30,397 - lqr_controller_v2 - INFO - Sampling time dt: 0.5s
2026-08-25 19:35:30,397 - lqr_controller_v2 - INFO - Drop rate levels: 20 levels
2026-08-25 19:35:30,397 - lqr_controller_v2 - INFO - LQR Gain K: [[0.25622424 0.30311163]]
2026-08-25 19:35:30,397 - lqr_controller_v2 - INFO - Soft limit: enabled
2026-08-25 19:35:30,397 - lqr_controller_v2 - INFO - Prediction: enabled
2026-08-25 19:35:30,397 - __main__ - INFO - Multi-Namespace LQR Control V2 initialized
2026-08-25 19:35:30,397 - __main__ - INFO - Interface: enp5s0np0
2026-08-25 19:35:30,397 - __main__ - INFO - Sampling time: 0.5s
2026-08-25 19:35:30,397 - __main__ - INFO - Soft limit: True
2026-08-25 19:35:30,397 - __main__ - INFO - Prediction: True
2026-08-25 19:35:30,397 - __main__ - INFO -   ovs-1: target=3.0%, max=3.0%
2026-08-25 19:35:30,397 - __main__ - INFO -   ovs-2: target=3.0%, max=3.0%
2026-08-25 19:35:30,397 - ovs_lqr_control - INFO - Loading XDP program from /home/stefan/LQR/xdp/ovs_rate_limiter.bpf.c
2026-08-25 19:35:31,418 - ovs_lqr_control - INFO - BPF program compiled successfully
2026-08-25 19:35:31,418 - ovs_lqr_control - INFO - BPF maps obtained
2026-08-25 19:35:31,418 - ovs_lqr_control - INFO - Initializing IP/MAC mappings...
2026-08-25 19:35:31,422 - ovs_lqr_control - INFO -   Mapped 192.168.1.0/24 -> namespace 0 (ovs-1)
2026-08-25 19:35:31,423 - ovs_lqr_control - INFO -   Mapped 192.168.2.0/24 -> namespace 1 (ovs-2)
2026-08-25 19:35:31,423 - ovs_lqr_control - INFO - Mappings initialized
2026-08-25 19:35:31,423 - ovs_lqr_control - INFO - Mappings initialized
2026-08-25 19:35:31,424 - ovs_lqr_control - INFO - XDP function loaded
2026-08-25 19:35:31,433 - ovs_lqr_control - INFO - ✓ XDP program attached to enp5s0np0 (SKB mode)
2026-08-25 19:35:31,433 - __main__ - INFO - ✓ XDP program loaded successfully
2026-08-25 19:35:31,433 - __main__ - INFO - Starting multi-namespace control loop...
2026-08-25 19:35:31,433 - __main__ - INFO - 
2026-08-25 19:35:31,434 - ovs_lqr_control - INFO - Opened log file: /home/stefan/cpu_packet_monitoring/network_metrics_2026-08-25_19-35-26.log.jsonl
2026-08-25 19:35:31,434 - __main__ - INFO - [1] ovs-1: CPU=0.06%, PPS=15, DropRate=0.750
2026-08-25 19:35:31,434 - __main__ - INFO - [1] ovs-2: CPU=0.06%, PPS=15, DropRate=0.750
2026-08-25 19:35:31,934 - __main__ - WARNING - [2] No metrics available
2026-08-25 19:35:32,434 - __main__ - INFO - [3] ovs-1: CPU=0.00%, PPS=7, DropRate=0.800
2026-08-25 19:35:32,435 - __main__ - INFO - [3] ovs-2: CPU=0.00%, PPS=7, DropRate=0.800
2026-08-25 19:35:32,935 - __main__ - INFO - [4] ovs-1: CPU=0.05%, PPS=13, DropRate=0.700
2026-08-25 19:35:32,935 - __main__ - INFO - [4] ovs-2: CPU=2.06%, PPS=17, DropRate=0.000
2026-08-25 19:35:33,435 - __main__ - INFO - [5] ovs-1: CPU=0.00%, PPS=11, DropRate=0.800
2026-08-25 19:35:33,435 - __main__ - INFO - [5] ovs-2: CPU=0.00%, PPS=11, DropRate=0.950
2026-08-25 19:35:33,935 - __main__ - INFO - [6] ovs-1: CPU=2.00%, PPS=7, DropRate=0.000
2026-08-25 19:35:33,935 - __main__ - INFO - [6] ovs-2: CPU=5.12%, PPS=46,935, DropRate=0.000
2026-08-25 19:35:34,435 - __main__ - INFO - [7] ovs-1: CPU=0.00%, PPS=9, DropRate=0.950
2026-08-25 19:35:34,435 - __main__ - INFO - [7] ovs-2: CPU=4.92%, PPS=40,361, DropRate=0.000
2026-08-25 19:35:34,935 - __main__ - INFO - [8] ovs-1: CPU=0.00%, PPS=15, DropRate=0.750
/home/stefan/LQR/src/lqr_controller_v2.py:241: RuntimeWarning: divide by zero encountered in scalar divide
  hard_drop = min((overshoot / max_overshoot) ** 0.7 * 0.95, 0.95)
2026-08-25 19:35:34,935 - lqr_controller_v2 - INFO - SOFT LIMIT: CPU 4.35% > target+margin 3.50%, overshoot=1.35%, drop_rate=0.950
2026-08-25 19:35:34,936 - __main__ - INFO - [8] ovs-2: CPU=6.21%, PPS=56,899, DropRate=0.950
2026-08-25 19:35:35,435 - __main__ - INFO - [9] ovs-1: CPU=0.00%, PPS=9, DropRate=0.750
2026-08-25 19:35:35,435 - lqr_controller_v2 - INFO - SOFT LIMIT: CPU 4.49% > target+margin 3.50%, overshoot=1.49%, drop_rate=0.950
2026-08-25 19:35:35,435 - __main__ - INFO - [9] ovs-2: CPU=8.16%, PPS=30,962, DropRate=0.950
2026-08-25 19:35:35,935 - __main__ - INFO - [10] ovs-1: CPU=0.00%, PPS=13, DropRate=0.750
2026-08-25 19:35:35,935 - lqr_controller_v2 - INFO - SOFT LIMIT: CPU 3.59% > target+margin 3.50%, overshoot=0.59%, drop_rate=0.950
2026-08-25 19:35:35,935 - __main__ - INFO - [10] ovs-2: CPU=1.97%, PPS=8,552, DropRate=0.950
2026-08-25 19:35:36,435 - __main__ - INFO - [11] ovs-1: CPU=2.00%, PPS=3, DropRate=0.000
2026-08-25 19:35:36,435 - lqr_controller_v2 - INFO - SOFT LIMIT: CPU 3.63% > target+margin 3.50%, overshoot=0.63%, drop_rate=0.950
2026-08-25 19:35:36,435 - __main__ - INFO - [11] ovs-2: CPU=1.29%, PPS=8,545, DropRate=0.950
2026-08-25 19:35:36,935 - __main__ - WARNING - [12] No metrics available
2026-08-25 19:35:37,436 - __main__ - INFO - [13] ovs-1: CPU=0.00%, PPS=7, DropRate=0.950
2026-08-25 19:35:37,436 - __main__ - INFO - [13] ovs-2: CPU=1.65%, PPS=8,561, DropRate=0.950
2026-08-25 19:35:37,936 - __main__ - INFO - [14] ovs-1: CPU=0.00%, PPS=5, DropRate=0.750
2026-08-25 19:35:37,936 - __main__ - INFO - [14] ovs-2: CPU=3.87%, PPS=8,549, DropRate=0.000
2026-08-25 19:35:38,436 - __main__ - INFO - [15] ovs-1: CPU=0.00%, PPS=7, DropRate=0.750
2026-08-25 19:35:38,436 - __main__ - INFO - [15] ovs-2: CPU=5.01%, PPS=15,911, DropRate=0.200
2026-08-25 19:35:38,936 - __main__ - INFO - [16] ovs-1: CPU=0.00%, PPS=11, DropRate=0.750
2026-08-25 19:35:38,936 - lqr_controller_v2 - INFO - SOFT LIMIT: CPU 3.61% > target+margin 3.50%, overshoot=0.61%, drop_rate=0.950
2026-08-25 19:35:38,936 - __main__ - INFO - [16] ovs-2: CPU=6.41%, PPS=62,489, DropRate=0.950
2026-08-25 19:35:39,436 - __main__ - INFO - [17] ovs-1: CPU=0.00%, PPS=13, DropRate=0.750
2026-08-25 19:35:39,436 - lqr_controller_v2 - INFO - SOFT LIMIT: CPU 4.41% > target+margin 3.50%, overshoot=1.41%, drop_rate=0.950
2026-08-25 19:35:39,436 - __main__ - INFO - [17] ovs-2: CPU=6.33%, PPS=41,506, DropRate=0.950
2026-08-25 19:35:39,936 - __main__ - INFO - [18] ovs-1: CPU=2.00%, PPS=13, DropRate=0.000
2026-08-25 19:35:39,936 - lqr_controller_v2 - INFO - SOFT LIMIT: CPU 3.51% > target+margin 3.50%, overshoot=0.51%, drop_rate=0.950
2026-08-25 19:35:39,936 - __main__ - INFO - [18] ovs-2: CPU=2.68%, PPS=9,997, DropRate=0.950
2026-08-25 19:35:40,436 - __main__ - INFO - [19] ovs-1: CPU=0.00%, PPS=9, DropRate=0.950
2026-08-25 19:35:40,436 - lqr_controller_v2 - INFO - SOFT LIMIT: CPU 3.91% > target+margin 3.50%, overshoot=0.91%, drop_rate=0.950
2026-08-25 19:35:40,436 - __main__ - INFO - [19] ovs-2: CPU=2.01%, PPS=8,547, DropRate=0.950
2026-08-25 19:35:40,936 - __main__ - INFO - [20] ovs-1: CPU=0.00%, PPS=15, DropRate=0.750
2026-08-25 19:35:40,936 - __main__ - INFO - [20] ovs-2: CPU=1.52%, PPS=8,555, DropRate=0.950
2026-08-25 19:35:41,436 - __main__ - INFO - [21] ovs-1: CPU=2.00%, PPS=9, DropRate=0.000
2026-08-25 19:35:41,436 - __main__ - INFO - [21] ovs-2: CPU=1.96%, PPS=8,560, DropRate=0.250
2026-08-25 19:35:41,936 - __main__ - WARNING - [22] No metrics available
2026-08-25 19:35:42,437 - __main__ - INFO - [23] ovs-1: CPU=0.00%, PPS=22, DropRate=0.950
2026-08-25 19:35:42,437 - __main__ - INFO - [23] ovs-2: CPU=7.57%, PPS=63,182, DropRate=0.100
2026-08-25 19:35:42,937 - __main__ - INFO - [24] ovs-1: CPU=0.00%, PPS=15, DropRate=0.750
2026-08-25 19:35:42,937 - __main__ - INFO - [24] ovs-2: CPU=6.53%, PPS=59,092, DropRate=0.200
2026-08-25 19:35:43,437 - __main__ - INFO - [25] ovs-1: CPU=0.00%, PPS=20, DropRate=0.750
2026-08-25 19:35:43,437 - lqr_controller_v2 - INFO - SOFT LIMIT: CPU 5.47% > target+margin 3.50%, overshoot=2.47%, drop_rate=0.950
2026-08-25 19:35:43,437 - __main__ - INFO - [25] ovs-2: CPU=6.78%, PPS=56,920, DropRate=0.950
2026-08-25 19:35:43,937 - __main__ - INFO - [26] ovs-1: CPU=0.00%, PPS=7, DropRate=0.750
2026-08-25 19:35:43,937 - lqr_controller_v2 - INFO - SOFT LIMIT: CPU 5.48% > target+margin 3.50%, overshoot=2.48%, drop_rate=0.950
2026-08-25 19:35:43,937 - __main__ - INFO - [26] ovs-2: CPU=6.54%, PPS=46,045, DropRate=0.950
2026-08-25 19:35:44,437 - __main__ - INFO - [27] ovs-1: CPU=2.00%, PPS=13, DropRate=0.000
2026-08-25 19:35:44,437 - lqr_controller_v2 - INFO - SOFT LIMIT: CPU 4.58% > target+margin 3.50%, overshoot=1.58%, drop_rate=0.950
2026-08-25 19:35:44,437 - __main__ - INFO - [27] ovs-2: CPU=3.24%, PPS=10,955, DropRate=0.950
2026-08-25 19:35:44,937 - __main__ - INFO - [28] ovs-1: CPU=0.00%, PPS=7, DropRate=0.950
2026-08-25 19:35:44,937 - lqr_controller_v2 - INFO - SOFT LIMIT: CPU 4.64% > target+margin 3.50%, overshoot=1.64%, drop_rate=0.950
2026-08-25 19:35:44,937 - __main__ - INFO - [28] ovs-2: CPU=1.74%, PPS=8,546, DropRate=0.950
2026-08-25 19:35:45,437 - __main__ - INFO - [29] ovs-1: CPU=0.00%, PPS=9, DropRate=0.750
2026-08-25 19:35:45,437 - __main__ - INFO - [29] ovs-2: CPU=1.64%, PPS=8,543, DropRate=0.950
2026-08-25 19:35:45,937 - __main__ - INFO - [30] ovs-1: CPU=0.00%, PPS=11, DropRate=0.750
2026-08-25 19:35:45,937 - __main__ - INFO - [30] ovs-2: CPU=1.62%, PPS=8,546, DropRate=0.950
2026-08-25 19:35:46,437 - __main__ - INFO - [31] ovs-1: CPU=2.00%, PPS=9, DropRate=0.000
2026-08-25 19:35:46,438 - __main__ - INFO - [31] ovs-2: CPU=3.76%, PPS=8,551, DropRate=0.000
2026-08-25 19:35:46,937 - __main__ - WARNING - [32] No metrics available
2026-08-25 19:35:47,438 - __main__ - INFO - [33] ovs-1: CPU=0.00%, PPS=22, DropRate=0.950
2026-08-25 19:35:47,438 - __main__ - INFO - [33] ovs-2: CPU=5.50%, PPS=63,291, DropRate=0.250
2026-08-25 19:35:47,938 - __main__ - INFO - [34] ovs-1: CPU=2.00%, PPS=1, DropRate=0.000
2026-08-25 19:35:47,938 - lqr_controller_v2 - INFO - SOFT LIMIT: CPU 3.53% > target+margin 3.50%, overshoot=0.53%, drop_rate=0.950
2026-08-25 19:35:47,938 - __main__ - INFO - [34] ovs-2: CPU=6.34%, PPS=58,764, DropRate=0.950
2026-08-25 19:35:48,438 - __main__ - INFO - [35] ovs-1: CPU=0.00%, PPS=22, DropRate=0.950
2026-08-25 19:35:48,438 - lqr_controller_v2 - INFO - SOFT LIMIT: CPU 4.75% > target+margin 3.50%, overshoot=1.75%, drop_rate=0.950
2026-08-25 19:35:48,438 - __main__ - INFO - [35] ovs-2: CPU=8.84%, PPS=54,408, DropRate=0.950
2026-08-25 19:35:48,938 - __main__ - INFO - [36] ovs-1: CPU=0.00%, PPS=3, DropRate=0.750
2026-08-25 19:35:48,938 - lqr_controller_v2 - INFO - SOFT LIMIT: CPU 3.85% > target+margin 3.50%, overshoot=0.85%, drop_rate=0.950
2026-08-25 19:35:48,938 - __main__ - INFO - [36] ovs-2: CPU=3.36%, PPS=11,615, DropRate=0.950
2026-08-25 19:35:49,438 - __main__ - INFO - [37] ovs-1: CPU=2.00%, PPS=9, DropRate=0.000
2026-08-25 19:35:49,438 - lqr_controller_v2 - INFO - SOFT LIMIT: CPU 4.29% > target+margin 3.50%, overshoot=1.29%, drop_rate=0.950
2026-08-25 19:35:49,439 - __main__ - INFO - [37] ovs-2: CPU=2.42%, PPS=8,549, DropRate=0.950
2026-08-25 19:35:49,938 - __main__ - INFO - [38] ovs-1: CPU=0.00%, PPS=9, DropRate=0.950
2026-08-25 19:35:49,938 - __main__ - INFO - [38] ovs-2: CPU=1.29%, PPS=8,556, DropRate=0.950
2026-08-25 19:35:50,438 - __main__ - INFO - [39] ovs-1: CPU=0.00%, PPS=5, DropRate=0.750
2026-08-25 19:35:50,438 - __main__ - INFO - [39] ovs-2: CPU=1.87%, PPS=8,558, DropRate=0.150
2026-08-25 19:35:50,938 - __main__ - INFO - [40] ovs-1: CPU=0.00%, PPS=15, DropRate=0.750
2026-08-25 19:35:50,939 - __main__ - INFO - [40] ovs-2: CPU=4.57%, PPS=50,286, DropRate=0.000
2026-08-25 19:35:51,438 - __main__ - INFO - [41] ovs-1: CPU=0.00%, PPS=3, DropRate=0.750
2026-08-25 19:35:51,438 - __main__ - INFO - [41] ovs-2: CPU=6.39%, PPS=56,950, DropRate=0.100
2026-08-25 19:35:51,938 - __main__ - INFO - [42] ovs-1: CPU=0.00%, PPS=9, DropRate=0.750
2026-08-25 19:35:51,939 - lqr_controller_v2 - INFO - SOFT LIMIT: CPU 4.10% > target+margin 3.50%, overshoot=1.10%, drop_rate=0.950
2026-08-25 19:35:51,939 - __main__ - INFO - [42] ovs-2: CPU=6.40%, PPS=55,808, DropRate=0.950
2026-08-25 19:35:52,438 - __main__ - WARNING - [43] No metrics available
2026-08-25 19:35:52,939 - __main__ - INFO - [44] ovs-1: CPU=0.00%, PPS=9, DropRate=0.750
2026-08-25 19:35:52,939 - lqr_controller_v2 - INFO - SOFT LIMIT: CPU 5.37% > target+margin 3.50%, overshoot=2.37%, drop_rate=0.950
2026-08-25 19:35:52,939 - __main__ - INFO - [44] ovs-2: CPU=6.69%, PPS=13,787, DropRate=0.950
2026-08-25 19:35:53,439 - __main__ - INFO - [45] ovs-1: CPU=0.00%, PPS=13, DropRate=0.750
2026-08-25 19:35:53,439 - lqr_controller_v2 - INFO - SOFT LIMIT: CPU 4.47% > target+margin 3.50%, overshoot=1.47%, drop_rate=0.950
2026-08-25 19:35:53,440 - __main__ - INFO - [45] ovs-2: CPU=1.06%, PPS=8,566, DropRate=0.950
2026-08-25 19:35:53,939 - __main__ - INFO - [46] ovs-1: CPU=0.00%, PPS=9, DropRate=0.750
2026-08-25 19:35:53,939 - lqr_controller_v2 - INFO - SOFT LIMIT: CPU 4.47% > target+margin 3.50%, overshoot=1.47%, drop_rate=0.950
2026-08-25 19:35:53,940 - __main__ - INFO - [46] ovs-2: CPU=0.45%, PPS=1,804, DropRate=0.950
2026-08-25 19:35:54,439 - __main__ - INFO - [47] ovs-1: CPU=4.00%, PPS=13, DropRate=0.000
2026-08-25 19:35:54,439 - __main__ - INFO - [47] ovs-2: CPU=0.00%, PPS=13, DropRate=0.950
2026-08-25 19:35:54,939 - __main__ - INFO - [48] ovs-1: CPU=0.00%, PPS=11, DropRate=0.950
2026-08-25 19:35:54,940 - __main__ - INFO - [48] ovs-2: CPU=2.00%, PPS=11, DropRate=0.000
2026-08-25 19:35:55,439 - __main__ - INFO - [49] ovs-1: CPU=0.00%, PPS=11, DropRate=0.750
2026-08-25 19:35:55,440 - __main__ - INFO - [49] ovs-2: CPU=0.00%, PPS=11, DropRate=0.950
2026-08-25 19:35:55,939 - __main__ - INFO - [50] ovs-1: CPU=2.06%, PPS=9, DropRate=0.000
2026-08-25 19:35:55,940 - __main__ - INFO - [50] ovs-2: CPU=0.06%, PPS=9, DropRate=0.900
2026-08-25 19:35:56,440 - __main__ - INFO - [51] ovs-1: CPU=0.00%, PPS=3, DropRate=0.950
2026-08-25 19:35:56,440 - __main__ - INFO - [51] ovs-2: CPU=0.00%, PPS=3, DropRate=0.800
2026-08-25 19:35:56,940 - __main__ - INFO - [52] ovs-1: CPU=0.06%, PPS=11, DropRate=0.750
2026-08-25 19:35:56,940 - __main__ - INFO - [52] ovs-2: CPU=0.06%, PPS=11, DropRate=0.700
2026-08-25 19:35:57,439 - __main__ - WARNING - [53] No metrics available
2026-08-25 19:35:57,940 - __main__ - INFO - [54] ovs-1: CPU=0.00%, PPS=9, DropRate=0.800
2026-08-25 19:35:57,940 - __main__ - INFO - [54] ovs-2: CPU=2.00%, PPS=9, DropRate=0.000
2026-08-25 19:35:58,440 - __main__ - INFO - [55] ovs-1: CPU=0.00%, PPS=13, DropRate=0.750
2026-08-25 19:35:58,440 - __main__ - INFO - [55] ovs-2: CPU=0.00%, PPS=13, DropRate=0.950
2026-08-25 19:35:58,940 - __main__ - INFO - [56] ovs-1: CPU=0.00%, PPS=11, DropRate=0.750
2026-08-25 19:35:58,941 - __main__ - INFO - [56] ovs-2: CPU=0.00%, PPS=11, DropRate=0.800
2026-08-25 19:35:59,440 - __main__ - INFO - [57] ovs-1: CPU=0.06%, PPS=17, DropRate=0.750
2026-08-25 19:35:59,441 - __main__ - INFO - [57] ovs-2: CPU=0.06%, PPS=17, DropRate=0.700
2026-08-25 19:35:59,940 - __main__ - INFO - [58] ovs-1: CPU=0.00%, PPS=5, DropRate=0.800
2026-08-25 19:35:59,941 - __main__ - INFO - [58] ovs-2: CPU=0.00%, PPS=5, DropRate=0.800
2026-08-25 19:36:00,440 - __main__ - INFO - [59] ovs-1: CPU=2.00%, PPS=17, DropRate=0.000
2026-08-25 19:36:00,441 - __main__ - INFO - [59] ovs-2: CPU=2.00%, PPS=20, DropRate=0.000
2026-08-25 19:36:00,941 - __main__ - INFO - [60] ovs-1: CPU=0.00%, PPS=3, DropRate=0.950
2026-08-25 19:36:00,941 - __main__ - INFO - [60] ovs-2: CPU=0.00%, PPS=13, DropRate=0.950
2026-08-25 19:36:01,441 - __main__ - INFO - [61] ovs-1: CPU=0.00%, PPS=9, DropRate=0.750
2026-08-25 19:36:01,441 - __main__ - INFO - [61] ovs-2: CPU=0.00%, PPS=9, DropRate=0.750
2026-08-25 19:36:01,941 - __main__ - INFO - [62] ovs-1: CPU=0.06%, PPS=7, DropRate=0.750
2026-08-25 19:36:01,941 - __main__ - INFO - [62] ovs-2: CPU=2.06%, PPS=7, DropRate=0.000
2026-08-25 19:36:02,440 - __main__ - WARNING - [63] No metrics available
2026-08-25 19:36:02,941 - __main__ - WARNING - [64] No metrics available
2026-08-25 19:36:03,441 - __main__ - WARNING - [65] No metrics available
