2026-08-25 19:33:18,345 - __main__ - INFO - Loading config from /home/stefan/LQR/config/multi_lqr_config.yaml
2026-08-25 19:33:18,348 - lqr_controller_v2 - INFO - LQR Controller V2 initialized with target CPU: 3.0%
2026-08-25 19:33:18,348 - lqr_controller_v2 - INFO - Sampling time dt: 0.5s
2026-08-25 19:33:18,348 - lqr_controller_v2 - INFO - Drop rate levels: 20 levels
2026-08-25 19:33:18,348 - lqr_controller_v2 - INFO - LQR Gain K: [[0.25622424 0.30311163]]
2026-08-25 19:33:18,348 - lqr_controller_v2 - INFO - Soft limit: enabled
2026-08-25 19:33:18,349 - lqr_controller_v2 - INFO - Prediction: enabled
2026-08-25 19:33:18,349 - lqr_controller_v2 - INFO - LQR Controller V2 initialized with target CPU: 3.0%
2026-08-25 19:33:18,349 - lqr_controller_v2 - INFO - Sampling time dt: 0.5s
2026-08-25 19:33:18,349 - lqr_controller_v2 - INFO - Drop rate levels: 20 levels
2026-08-25 19:33:18,349 - lqr_controller_v2 - INFO - LQR Gain K: [[0.25622424 0.30311163]]
2026-08-25 19:33:18,349 - lqr_controller_v2 - INFO - Soft limit: enabled
2026-08-25 19:33:18,349 - lqr_controller_v2 - INFO - Prediction: enabled
2026-08-25 19:33:18,349 - __main__ - INFO - Multi-Namespace LQR Control V2 initialized
2026-08-25 19:33:18,349 - __main__ - INFO - Interface: enp5s0np0
2026-08-25 19:33:18,349 - __main__ - INFO - Sampling time: 0.5s
2026-08-25 19:33:18,349 - __main__ - INFO - Soft limit: True
2026-08-25 19:33:18,349 - __main__ - INFO - Prediction: True
2026-08-25 19:33:18,349 - __main__ - INFO -   ovs-1: target=3.0%, max=3.0%
2026-08-25 19:33:18,350 - __main__ - INFO -   ovs-2: target=3.0%, max=3.0%
2026-08-25 19:33:18,350 - ovs_lqr_control - INFO - Loading XDP program from /home/stefan/LQR/xdp/ovs_rate_limiter.bpf.c
2026-08-25 19:33:19,357 - ovs_lqr_control - INFO - BPF program compiled successfully
2026-08-25 19:33:19,357 - ovs_lqr_control - INFO - BPF maps obtained
2026-08-25 19:33:19,357 - ovs_lqr_control - INFO - Initializing IP/MAC mappings...
2026-08-25 19:33:19,361 - ovs_lqr_control - INFO -   Mapped 192.168.1.0/24 -> namespace 0 (ovs-1)
2026-08-25 19:33:19,362 - ovs_lqr_control - INFO -   Mapped 192.168.2.0/24 -> namespace 1 (ovs-2)
2026-08-25 19:33:19,362 - ovs_lqr_control - INFO - Mappings initialized
2026-08-25 19:33:19,362 - ovs_lqr_control - INFO - Mappings initialized
2026-08-25 19:33:19,362 - ovs_lqr_control - INFO - XDP function loaded
2026-08-25 19:33:19,377 - ovs_lqr_control - INFO - ✓ XDP program attached to enp5s0np0 (SKB mode)
2026-08-25 19:33:19,377 - __main__ - INFO - ✓ XDP program loaded successfully
2026-08-25 19:33:19,377 - __main__ - INFO - Starting multi-namespace control loop...
2026-08-25 19:33:19,377 - __main__ - INFO - 
2026-08-25 19:33:19,378 - ovs_lqr_control - INFO - Opened log file: /home/stefan/cpu_packet_monitoring/network_metrics_2026-08-25_19-33-13.log.jsonl
2026-08-25 19:33:19,378 - __main__ - INFO - [1] ovs-1: CPU=2.00%, PPS=5, DropRate=0.250
2026-08-25 19:33:19,378 - __main__ - INFO - [1] ovs-2: CPU=2.00%, PPS=5, DropRate=0.250
2026-08-25 19:33:19,878 - __main__ - INFO - [2] ovs-1: CPU=0.00%, PPS=11, DropRate=0.950
2026-08-25 19:33:19,878 - __main__ - INFO - [2] ovs-2: CPU=0.00%, PPS=11, DropRate=0.950
2026-08-25 19:33:20,378 - __main__ - INFO - [3] ovs-1: CPU=0.06%, PPS=9, DropRate=0.700
2026-08-25 19:33:20,378 - __main__ - INFO - [3] ovs-2: CPU=0.06%, PPS=9, DropRate=0.700
2026-08-25 19:33:20,878 - __main__ - INFO - [4] ovs-1: CPU=2.11%, PPS=15, DropRate=0.000
2026-08-25 19:33:20,878 - __main__ - INFO - [4] ovs-2: CPU=0.11%, PPS=15, DropRate=0.700
2026-08-25 19:33:21,378 - __main__ - INFO - [5] ovs-1: CPU=0.00%, PPS=9, DropRate=0.950
2026-08-25 19:33:21,379 - __main__ - INFO - [5] ovs-2: CPU=2.00%, PPS=13, DropRate=0.000
2026-08-25 19:33:21,878 - __main__ - INFO - [6] ovs-1: CPU=0.00%, PPS=15, DropRate=0.800
2026-08-25 19:33:21,879 - __main__ - INFO - [6] ovs-2: CPU=0.79%, PPS=8,218, DropRate=0.950
2026-08-25 19:33:22,378 - __main__ - INFO - [7] ovs-1: CPU=0.00%, PPS=5, DropRate=0.750
2026-08-25 19:33:22,379 - __main__ - INFO - [7] ovs-2: CPU=5.35%, PPS=45,733, DropRate=0.000
2026-08-25 19:33:22,878 - __main__ - INFO - [8] ovs-1: CPU=0.00%, PPS=13, DropRate=0.750
2026-08-25 19:33:22,879 - __main__ - INFO - [8] ovs-2: CPU=4.17%, PPS=42,091, DropRate=0.000
2026-08-25 19:33:23,379 - __main__ - INFO - [9] ovs-1: CPU=0.00%, PPS=3, DropRate=0.750
/home/stefan/LQR/src/lqr_controller_v2.py:241: RuntimeWarning: divide by zero encountered in scalar divide
  hard_drop = min((overshoot / max_overshoot) ** 0.7 * 0.95, 0.95)
2026-08-25 19:33:23,379 - lqr_controller_v2 - INFO - SOFT LIMIT: CPU 3.82% > target+margin 3.50%, overshoot=0.82%, drop_rate=0.950
2026-08-25 19:33:23,379 - __main__ - INFO - [9] ovs-2: CPU=6.33%, PPS=55,626, DropRate=0.950
2026-08-25 19:33:23,879 - __main__ - INFO - [10] ovs-1: CPU=0.00%, PPS=13, DropRate=0.750
/home/stefan/LQR/src/lqr_controller_v2.py:231: RuntimeWarning: divide by zero encountered in scalar divide
  hard_component = (overshoot / max_overshoot) ** 0.5 * 0.95
2026-08-25 19:33:23,879 - __main__ - INFO - [10] ovs-2: CPU=3.78%, PPS=21,598, DropRate=0.950
2026-08-25 19:33:24,378 - __main__ - WARNING - [11] No metrics available
2026-08-25 19:33:24,879 - __main__ - INFO - [12] ovs-1: CPU=2.01%, PPS=11, DropRate=0.000
2026-08-25 19:33:24,879 - __main__ - INFO - [12] ovs-2: CPU=2.27%, PPS=4,889, DropRate=0.950
2026-08-25 19:33:25,379 - __main__ - INFO - [13] ovs-1: CPU=0.00%, PPS=11, DropRate=0.950
2026-08-25 19:33:25,379 - __main__ - INFO - [13] ovs-2: CPU=1.14%, PPS=4,897, DropRate=0.400
2026-08-25 19:33:25,879 - __main__ - INFO - [14] ovs-1: CPU=0.01%, PPS=24, DropRate=0.750
2026-08-25 19:33:25,880 - lqr_controller_v2 - INFO - SOFT LIMIT: CPU 3.54% > target+margin 3.50%, overshoot=0.54%, drop_rate=0.950
2026-08-25 19:33:25,880 - __main__ - INFO - [14] ovs-2: CPU=4.64%, PPS=8,696, DropRate=0.950
2026-08-25 19:33:26,379 - __main__ - INFO - [15] ovs-1: CPU=0.00%, PPS=13, DropRate=0.750
2026-08-25 19:33:26,380 - lqr_controller_v2 - INFO - SOFT LIMIT: CPU 3.54% > target+margin 3.50%, overshoot=0.54%, drop_rate=0.950
2026-08-25 19:33:26,380 - __main__ - INFO - [15] ovs-2: CPU=4.47%, PPS=48,684, DropRate=0.950
2026-08-25 19:33:26,879 - __main__ - INFO - [16] ovs-1: CPU=0.01%, PPS=15, DropRate=0.750
2026-08-25 19:33:26,880 - __main__ - INFO - [16] ovs-2: CPU=1.94%, PPS=4,896, DropRate=0.950
2026-08-25 19:33:27,380 - __main__ - INFO - [17] ovs-1: CPU=2.00%, PPS=11, DropRate=0.000
2026-08-25 19:33:27,380 - __main__ - INFO - [17] ovs-2: CPU=3.04%, PPS=4,894, DropRate=0.950
2026-08-25 19:33:27,880 - __main__ - INFO - [18] ovs-1: CPU=2.00%, PPS=11, DropRate=0.800
2026-08-25 19:33:27,880 - __main__ - INFO - [18] ovs-2: CPU=1.27%, PPS=4,895, DropRate=0.750
2026-08-25 19:33:28,380 - __main__ - INFO - [19] ovs-1: CPU=0.00%, PPS=15, DropRate=0.950
2026-08-25 19:33:28,380 - __main__ - INFO - [19] ovs-2: CPU=2.65%, PPS=16,811, DropRate=0.000
2026-08-25 19:33:28,880 - __main__ - INFO - [20] ovs-1: CPU=0.00%, PPS=13, DropRate=0.750
2026-08-25 19:33:28,880 - __main__ - INFO - [20] ovs-2: CPU=5.55%, PPS=58,853, DropRate=0.100
2026-08-25 19:33:29,380 - __main__ - INFO - [21] ovs-1: CPU=0.00%, PPS=11, DropRate=0.750
2026-08-25 19:33:29,380 - __main__ - INFO - [21] ovs-2: CPU=8.25%, PPS=56,475, DropRate=0.950
2026-08-25 19:33:29,879 - __main__ - WARNING - [22] No metrics available
2026-08-25 19:33:30,380 - __main__ - INFO - [23] ovs-1: CPU=0.00%, PPS=13, DropRate=0.750
2026-08-25 19:33:30,381 - __main__ - INFO - [23] ovs-2: CPU=2.64%, PPS=8,382, DropRate=0.950
2026-08-25 19:33:30,880 - __main__ - INFO - [24] ovs-1: CPU=0.00%, PPS=16, DropRate=0.750
2026-08-25 19:33:30,881 - __main__ - INFO - [24] ovs-2: CPU=1.37%, PPS=4,910, DropRate=0.250
2026-08-25 19:33:31,381 - __main__ - INFO - [25] ovs-1: CPU=2.00%, PPS=11, DropRate=0.000
2026-08-25 19:33:31,381 - __main__ - INFO - [25] ovs-2: CPU=2.28%, PPS=14,913, DropRate=0.000
2026-08-25 19:33:31,881 - __main__ - INFO - [26] ovs-1: CPU=0.00%, PPS=13, DropRate=0.950
2026-08-25 19:33:31,881 - __main__ - INFO - [26] ovs-2: CPU=6.31%, PPS=66,850, DropRate=0.100
2026-08-25 19:33:32,381 - __main__ - INFO - [27] ovs-1: CPU=0.00%, PPS=7, DropRate=0.750
2026-08-25 19:33:32,381 - __main__ - INFO - [27] ovs-2: CPU=6.31%, PPS=55,686, DropRate=0.100
2026-08-25 19:33:32,881 - __main__ - INFO - [28] ovs-1: CPU=0.00%, PPS=9, DropRate=0.750
2026-08-25 19:33:32,881 - lqr_controller_v2 - INFO - SOFT LIMIT: CPU 5.32% > target+margin 3.50%, overshoot=2.32%, drop_rate=0.950
2026-08-25 19:33:32,881 - __main__ - INFO - [28] ovs-2: CPU=8.36%, PPS=57,909, DropRate=0.950
2026-08-25 19:33:33,381 - __main__ - INFO - [29] ovs-1: CPU=0.00%, PPS=5, DropRate=0.750
2026-08-25 19:33:33,381 - lqr_controller_v2 - INFO - SOFT LIMIT: CPU 4.57% > target+margin 3.50%, overshoot=1.57%, drop_rate=0.950
2026-08-25 19:33:33,381 - __main__ - INFO - [29] ovs-2: CPU=4.44%, PPS=26,454, DropRate=0.950
2026-08-25 19:33:33,881 - __main__ - INFO - [30] ovs-1: CPU=0.00%, PPS=13, DropRate=0.750
2026-08-25 19:33:33,881 - lqr_controller_v2 - INFO - SOFT LIMIT: CPU 4.42% > target+margin 3.50%, overshoot=1.42%, drop_rate=0.950
2026-08-25 19:33:33,881 - __main__ - INFO - [30] ovs-2: CPU=1.37%, PPS=4,889, DropRate=0.950
2026-08-25 19:33:34,381 - __main__ - INFO - [31] ovs-1: CPU=0.00%, PPS=5, DropRate=0.750
2026-08-25 19:33:34,381 - lqr_controller_v2 - INFO - SOFT LIMIT: CPU 3.53% > target+margin 3.50%, overshoot=0.53%, drop_rate=0.950
2026-08-25 19:33:34,381 - __main__ - INFO - [31] ovs-2: CPU=1.38%, PPS=4,900, DropRate=0.950
2026-08-25 19:33:34,881 - __main__ - WARNING - [32] No metrics available
2026-08-25 19:33:35,381 - __main__ - INFO - [33] ovs-1: CPU=2.00%, PPS=3, DropRate=0.000
2026-08-25 19:33:35,382 - __main__ - INFO - [33] ovs-2: CPU=1.59%, PPS=4,893, DropRate=0.950
2026-08-25 19:33:35,882 - __main__ - INFO - [34] ovs-1: CPU=0.00%, PPS=11, DropRate=0.950
2026-08-25 19:33:35,882 - __main__ - INFO - [34] ovs-2: CPU=1.27%, PPS=4,901, DropRate=0.700
2026-08-25 19:33:36,382 - __main__ - INFO - [35] ovs-1: CPU=0.00%, PPS=3, DropRate=0.750
2026-08-25 19:33:36,382 - __main__ - INFO - [35] ovs-2: CPU=1.95%, PPS=8,809, DropRate=0.000
2026-08-25 19:33:36,882 - __main__ - INFO - [36] ovs-1: CPU=0.00%, PPS=7, DropRate=0.750
2026-08-25 19:33:36,882 - __main__ - INFO - [36] ovs-2: CPU=4.43%, PPS=44,462, DropRate=0.100
2026-08-25 19:33:37,382 - __main__ - INFO - [37] ovs-1: CPU=0.00%, PPS=1, DropRate=0.750
2026-08-25 19:33:37,382 - __main__ - INFO - [37] ovs-2: CPU=8.34%, PPS=58,210, DropRate=0.050
2026-08-25 19:33:37,882 - __main__ - INFO - [38] ovs-1: CPU=2.00%, PPS=3, DropRate=0.000
2026-08-25 19:33:37,882 - lqr_controller_v2 - INFO - SOFT LIMIT: CPU 4.00% > target+margin 3.50%, overshoot=1.00%, drop_rate=0.950
2026-08-25 19:33:37,882 - __main__ - INFO - [38] ovs-2: CPU=6.33%, PPS=57,735, DropRate=0.950
2026-08-25 19:33:38,382 - __main__ - INFO - [39] ovs-1: CPU=0.00%, PPS=11, DropRate=0.950
2026-08-25 19:33:38,382 - lqr_controller_v2 - INFO - SOFT LIMIT: CPU 4.02% > target+margin 3.50%, overshoot=1.02%, drop_rate=0.950
2026-08-25 19:33:38,382 - __main__ - INFO - [39] ovs-2: CPU=4.55%, PPS=27,770, DropRate=0.950
2026-08-25 19:33:38,882 - __main__ - INFO - [40] ovs-1: CPU=0.00%, PPS=7, DropRate=0.750
2026-08-25 19:33:38,882 - __main__ - INFO - [40] ovs-2: CPU=1.03%, PPS=4,898, DropRate=0.950
2026-08-25 19:33:39,382 - __main__ - INFO - [41] ovs-1: CPU=0.00%, PPS=9, DropRate=0.750
2026-08-25 19:33:39,382 - lqr_controller_v2 - INFO - SOFT LIMIT: CPU 4.09% > target+margin 3.50%, overshoot=1.09%, drop_rate=0.950
2026-08-25 19:33:39,382 - __main__ - INFO - [41] ovs-2: CPU=3.24%, PPS=4,895, DropRate=0.950
2026-08-25 19:33:39,882 - __main__ - WARNING - [42] No metrics available
2026-08-25 19:33:40,383 - __main__ - INFO - [43] ovs-1: CPU=0.00%, PPS=5, DropRate=0.750
2026-08-25 19:33:40,383 - __main__ - INFO - [43] ovs-2: CPU=1.47%, PPS=4,887, DropRate=0.950
2026-08-25 19:33:40,883 - __main__ - INFO - [44] ovs-1: CPU=2.00%, PPS=15, DropRate=0.000
2026-08-25 19:33:40,883 - __main__ - INFO - [44] ovs-2: CPU=1.15%, PPS=4,898, DropRate=0.950
2026-08-25 19:33:41,383 - __main__ - INFO - [45] ovs-1: CPU=0.01%, PPS=15, DropRate=0.950
2026-08-25 19:33:41,383 - __main__ - INFO - [45] ovs-2: CPU=2.00%, PPS=4,895, DropRate=0.000
2026-08-25 19:33:41,883 - __main__ - INFO - [46] ovs-1: CPU=0.00%, PPS=13, DropRate=0.750
2026-08-25 19:33:41,883 - __main__ - INFO - [46] ovs-2: CPU=2.42%, PPS=19,935, DropRate=0.000
2026-08-25 19:33:42,383 - __main__ - INFO - [47] ovs-1: CPU=0.00%, PPS=15, DropRate=0.750
2026-08-25 19:33:42,383 - __main__ - INFO - [47] ovs-2: CPU=2.00%, PPS=15, DropRate=0.500
2026-08-25 19:33:42,883 - __main__ - WARNING - [48] No metrics available
2026-08-25 19:33:43,383 - __main__ - WARNING - [49] No metrics available
2026-08-25 19:33:43,883 - __main__ - WARNING - [50] No metrics available
